Microchip MPLAB XC8 Compiler V2.31

Linker command line:

-W-3 --edf=C:\Program Files\Microchip\xc8\v2.31\pic\dat\en_msgs.txt -cn \
  -h+dist/default/production\glcd.X.production.sym \
  --cmf=dist/default/production\glcd.X.production.cmf -z -Q18F4550 \
  -oC:\Users\dsdia\AppData\Local\Temp\saco.3 --defsym=__MPLAB_BUILD=1 \
  -Mdist/default/production/glcd.X.production.map -E1 -ver=XC8 Compiler \
  --acfsm=1493 -ASTACK=09Eh-07FFh -pstack=STACK -ACODE=00h-07FFFh \
  -ACONST=00h-07FFFh -ASMALLCONST=0800h-08FFhx120 \
  -AMEDIUMCONST=0800h-07FFFh -ACOMRAM=01h-05Fh -AABS1=00h-07FFh \
  -ABIGRAM=01h-07FFh -ARAM=060h-0FFh,0100h-01FFhx7 -ABANK0=060h-0FFh \
  -ABANK1=0100h-01FFh -ABANK2=0200h-02FFh -ABANK3=0300h-03FFh \
  -ABANK4=0400h-04FFh -ABANK5=0500h-05FFh -ABANK6=0600h-06FFh \
  -ABANK7=0700h-07FFh -ASFR=0F60h-0FFFh -ACONFIG=0300000h-030000Dh \
  -AIDLOC=0200000h-0200007h -AEEDATA=0F00000h-0F000FFh -peeprom_data=EEDATA \
  -preset_vec=00h,intcode,intcodelo,powerup,init -pramtop=0800h \
  -psmallconst=SMALLCONST -pmediumconst=MEDIUMCONST -pconst=CONST \
  -AFARRAM=00h-00h \
  -prdata=COMRAM,nvrram=COMRAM,nvbit=COMRAM,rbss=COMRAM,rbit=COMRAM \
  -pfarbss=FARRAM,fardata=FARRAM,nvFARRAM=FARRAM \
  -pintsave_regs=BIGRAM,bigbss=BIGRAM,bigdata=BIGRAM -pbss=RAM \
  -pidata=CODE,irdata=CODE,ibigdata=CODE,ifardata=CODE -prparam=COMRAM \
  C:\Users\dsdia\AppData\Local\Temp\saco.o \
  dist/default/production\glcd.X.production.o 

Object code version is 3.11

Machine type is 18F4550



                Name                               Link     Load   Length Selector   Space Scale
C:\Users\dsdia\AppData\Local\Temp\saco.o
                idloc                            200000   200000        8        0       5
                config                           300000   300000        E        0       4
                init                                  0        0        4        0       0
dist/default/production\glcd.X.production.o
                idloc                            200000   200000        8        0       5
                config                           300000   300000        E        0       4
                mediumconst                        797E     797E      682     3CBF       0
                text26                             64E2     64E2       1E     3271       0
                text25                             64BC     64BC        E     325E       0
                text24                             651E     651E       20     328F       0
                text23                             64CA     64CA       18     3265       0
                text22                             64B0     64B0        6     3258       0
                text21                             64B6     64B6        6     325B       0
                text20                             68B0     68B0       84     3458       0
                text19                             65A8     65A8       2A     32D4       0
                text18                             6602     6602       54     3301       0
                text17                             653E     653E       20     329F       0
                text16                             675C     675C       70     33AE       0
                text15                             6702     6702       5A     3381       0
                text14                             6582     6582       26     32C1       0
                text13                             67CC     67CC       72     33E6       0
                text12                             6500     6500       1E     3280       0
                text11                             6BD4     6BD4       E6     35EA       0
                text10                             69BC     69BC       A4     34DE       0
                text9                              6F0C     6F0C      262     3786       0
                text8                              65D2     65D2       30     32E9       0
                text7                              716E     716E      3E8     38B7       0
                text6                              6B10     6B10       C4     3588       0
                text5                              6A60     6A60       B0     3530       0
                text4                              6934     6934       88     349A       0
                text3                              66AA     66AA       58     3355       0
                text2                              683E     683E       72     341F       0
                text1                              6CBA     6CBA      252     365D       0
                text0                              7556     7556      428     3AAB       0
                cstackCOMRAM                          1        1       57        1       1
                dataBANK0                            60       60       24       60       1
                bssBANK0                             84       84       16       60       1
                dataCOMRAM                           5F       5F        1        1       1
                bssCOMRAM                            58       58        7        1       1
                cinit                              6656     6656       54     332B       0
                nvBANK0                              9A       9A        4       60       1
                idataBANK0                         655E     655E       24     655E       0
                idataCOMRAM                        64AF     64AF        1     64AF       0

TOTAL           Name                               Link     Load   Length     Space
        CLASS   STACK          

        CLASS   CODE           
                init                                  0        0        4         0
                text26                             64E2     64E2       1E         0
                text25                             64BC     64BC        E         0
                text24                             651E     651E       20         0
                text23                             64CA     64CA       18         0
                text22                             64B0     64B0        6         0
                text21                             64B6     64B6        6         0
                text20                             68B0     68B0       84         0
                text19                             65A8     65A8       2A         0
                text18                             6602     6602       54         0
                text17                             653E     653E       20         0
                text16                             675C     675C       70         0
                text15                             6702     6702       5A         0
                text14                             6582     6582       26         0
                text13                             67CC     67CC       72         0
                text12                             6500     6500       1E         0
                text11                             6BD4     6BD4       E6         0
                text10                             69BC     69BC       A4         0
                text9                              6F0C     6F0C      262         0
                text8                              65D2     65D2       30         0
                text7                              716E     716E      3E8         0
                text6                              6B10     6B10       C4         0
                text5                              6A60     6A60       B0         0
                text4                              6934     6934       88         0
                text3                              66AA     66AA       58         0
                text2                              683E     683E       72         0
                text1                              6CBA     6CBA      252         0
                text0                              7556     7556      428         0
                cinit                              6656     6656       54         0
                idataBANK0                         655E     655E       24         0
                idataCOMRAM                        64AF     64AF        1         0

        CLASS   CONST          

        CLASS   SMALLCONST     

        CLASS   MEDIUMCONST    
                mediumconst                        797E     797E      682         0

        CLASS   COMRAM         
                cstackCOMRAM                          1        1       57         1
                dataCOMRAM                           5F       5F        1         1
                bssCOMRAM                            58       58        7         1

        CLASS   ABS1           

        CLASS   BIGRAM         

        CLASS   RAM            

        CLASS   BANK0          
                dataBANK0                            60       60       24         1
                bssBANK0                             84       84       16         1
                nvBANK0                              9A       9A        4         1

        CLASS   BANK1          

        CLASS   BANK2          

        CLASS   BANK3          

        CLASS   BANK4          

        CLASS   BANK5          

        CLASS   BANK6          

        CLASS   BANK7          

        CLASS   SFR            

        CLASS   CONFIG         
                config                           300000   300000        E         4

        CLASS   IDLOC          
                idloc                            200000   200000        8         5

        CLASS   EEDATA         

        CLASS   FARRAM         



SEGMENTS        Name                           Load    Length   Top    Selector   Space  Class

                reset_vec                      000000  000004  000004         0       0  CODE    
                cstackCOMRAM                   000001  00005F  000060         1       1  COMRAM  
                dataBANK0                      000060  00003E  00009E        60       1  BANK0   
                idataCOMRAM                    0064AF  000001  0064B0      64AF       0  CODE    
                text22                         0064B0  000006  0064B6      3258       0  CODE    
                text21                         0064B6  000006  0064BC      325B       0  CODE    
                text25                         0064BC  00000E  0064CA      325E       0  CODE    
                text23                         0064CA  000018  0064E2      3265       0  CODE    
                text26                         0064E2  00001E  006500      3271       0  CODE    
                text12                         006500  00001E  00651E      3280       0  CODE    
                text24                         00651E  000020  00653E      328F       0  CODE    
                text17                         00653E  000020  00655E      329F       0  CODE    
                idataBANK0                     00655E  000024  006582      655E       0  CODE    
                text14                         006582  000026  0065A8      32C1       0  CODE    
                text19                         0065A8  00002A  0065D2      32D4       0  CODE    
                text8                          0065D2  000030  006602      32E9       0  CODE    
                text18                         006602  000054  006656      3301       0  CODE    
                cinit                          006656  000054  0066AA      332B       0  CODE    
                text3                          0066AA  000058  006702      3355       0  CODE    
                text15                         006702  00005A  00675C      3381       0  CODE    
                text16                         00675C  000070  0067CC      33AE       0  CODE    
                text13                         0067CC  000072  00683E      33E6       0  CODE    
                text2                          00683E  000072  0068B0      341F       0  CODE    
                text20                         0068B0  000084  006934      3458       0  CODE    
                text4                          006934  000088  0069BC      349A       0  CODE    
                text10                         0069BC  0000A4  006A60      34DE       0  CODE    
                text5                          006A60  0000B0  006B10      3530       0  CODE    
                text6                          006B10  0000C4  006BD4      3588       0  CODE    
                text11                         006BD4  0000E6  006CBA      35EA       0  CODE    
                text1                          006CBA  000252  006F0C      365D       0  CODE    
                text9                          006F0C  000262  00716E      3786       0  CODE    
                text7                          00716E  0003E8  007556      38B7       0  CODE    
                text0                          007556  000428  00797E      3AAB       0  CODE    
                mediumconst                    00797E  000682  008000      3CBF       0  MEDIUMCO


UNUSED ADDRESS RANGES

        Name                Unused          Largest block    Delta
        BANK0            00009E-0000FF               62
        BANK1            000100-0001FF              100
        BANK2            000200-0002FF              100
        BANK3            000300-0003FF              100
        BANK4            000400-0004FF              100
        BANK5            000500-0005FF              100
        BANK6            000600-0006FF              100
        BANK7            000700-0007FF              100
        BIGRAM           00009E-0007FF              762
        CODE             000004-0064AE             64AB
        CONST            000004-0064AE             64AB
        EEDATA           F00000-F000FF              100
        MEDIUMCONST      000800-0064AE             5CAF
        RAM              00009E-0007FF              100
        SFR              000F60-000FFF               A0
        SMALLCONST       000800-0064AE              100
        STACK            00009E-0007FF              762

                                  Symbol Table

?_GLCD_Printf                                cstackCOMRAM 00002A
?___awdiv                                    cstackCOMRAM 000001
?___awmod                                    cstackCOMRAM 000001
?___lldiv                                    cstackCOMRAM 000001
?___wmul                                     cstackCOMRAM 000001
?_column                                     cstackCOMRAM 000001
?_row                                        cstackCOMRAM 000001
DELAY_ms@ms_count                            cstackCOMRAM 000003
DELAY_us@us_count                            cstackCOMRAM 000001
GLCD_Clear@cursor                            cstackCOMRAM 000006
GLCD_Clear@line                              cstackCOMRAM 000007
GLCD_DisplayChar@ch                          cstackCOMRAM 000009
GLCD_DisplayChar@dat                         cstackCOMRAM 000007
GLCD_DisplayChar@i                           cstackCOMRAM 000008
GLCD_DisplayLogo@cursor                      cstackCOMRAM 000007
GLCD_DisplayLogo@line                        cstackCOMRAM 000008
GLCD_DisplayLogo@ptr_Logo                    cstackCOMRAM 000004
GLCD_DisplayNumber@a                         cstackCOMRAM 00001C
GLCD_DisplayNumber@i                         cstackCOMRAM 000029
GLCD_DisplayNumber@v_numOfDigitsToDisplay_u8 cstackCOMRAM 000012
GLCD_DisplayNumber@v_number_u32              cstackCOMRAM 00000E
GLCD_DisplayNumber@v_numericSystem_u8        cstackCOMRAM 000028
GLCD_DisplayString@ptr                       cstackCOMRAM 00000A
GLCD_GoToLine@lineNumber                     cstackCOMRAM 000005
GLCD_GoToPage@pageNumber                     cstackCOMRAM 000004
GLCD_Printf@argList                          cstackCOMRAM 00002A
GLCD_Printf@argp                             cstackCOMRAM 000042
GLCD_Printf@ch                               cstackCOMRAM 000040
GLCD_Printf@ptr                              cstackCOMRAM 00003E
GLCD_Printf@str                              cstackCOMRAM 000032
GLCD_Printf@v_numOfDigitsToDisp_u8           cstackCOMRAM 000041
GLCD_Printf@v_num_s16                        cstackCOMRAM 000034
GLCD_Printf@v_num_s32                        cstackCOMRAM 000036
GLCD_Printf@v_num_u16                        cstackCOMRAM 00003C
GLCD_Printf@v_num_u32                        cstackCOMRAM 000038
GLCD_SetCursor@CursorPosition                cstackCOMRAM 000009
GLCD_SetCursor@lineNumber                    cstackCOMRAM 00000A
GLCD_SetCursor@pageNumber                    cstackCOMRAM 00000B
_ADCON0                                      (abs)        000FC2
_ADCON0bits                                  (abs)        000FC2
_ADCON1                                      (abs)        000FC1
_ADCON2                                      (abs)        000FC0
_ADRESH                                      (abs)        000FC4
_ADRESL                                      (abs)        000FC3
_A_GlcdFontTable_U8                          mediumconst  007D7F
_DELAY_ms                                    text19       0065A8
_DELAY_us                                    text26       0064E2
_GLCD                                        bssCOMRAM    000058
_GLCD_Clear                                  text16       00675C
_GLCD_DisplayChar                            text11       006BD4
_GLCD_DisplayLogo                            text20       0068B0
_GLCD_DisplayNumber                          text9        006F0C
_GLCD_DisplayNumber$528                      cstackCOMRAM 000026
_GLCD_DisplayString                          text8        0065D2
_GLCD_GoToLine                               text17       00653E
_GLCD_GoToNextLine                           text12       006500
_GLCD_GoToPage                               text18       006602
_GLCD_Init                                   text15       006702
_GLCD_Printf                                 text7        00716E
_GLCD_SetCursor                              text4        006934
_LDR                                         bssBANK0     000084
_LogoBitMap                                  mediumconst  00797F
_PORTA                                       (abs)        000F80
_PORTAbits                                   (abs)        000F80
_PORTB                                       (abs)        000F81
_PORTCbits                                   (abs)        000F82
_PORTD                                       (abs)        000F83
_PORTEbits                                   (abs)        000F84
_TRISA                                       (abs)        000F92
_TRISB                                       (abs)        000F93
_TRISC                                       (abs)        000F94
_TRISD                                       (abs)        000F95
_TRISE                                       (abs)        000F96
__HRAM                                       (abs)        000000
__Habs1                                      abs1         000000
__Hbank0                                     bank0        000000
__Hbank1                                     bank1        000000
__Hbank2                                     bank2        000000
__Hbank3                                     bank3        000000
__Hbank4                                     bank4        000000
__Hbank5                                     bank5        000000
__Hbank6                                     bank6        000000
__Hbank7                                     bank7        000000
__Hbigbss                                    bigbss       000000
__Hbigdata                                   bigdata      000000
__Hbigram                                    bigram       000000
__Hbss                                       bss          000000
__HbssBANK0                                  bssBANK0     000000
__HbssCOMRAM                                 bssCOMRAM    000000
__Hcinit                                     cinit        000000
__Hclrtext                                   clrtext      000000
__Hcomram                                    comram       000000
__Hconfig                                    config       30000E
__Hconst                                     const        000000
__HcstackCOMRAM                              cstackCOMRAM 000000
__Hdata                                      data         000000
__HdataBANK0                                 dataBANK0    000000
__HdataCOMRAM                                dataCOMRAM   000000
__Heeprom_data                               eeprom_data  000000
__Hfarbss                                    farbss       000000
__Hfardata                                   fardata      000000
__Hibigdata                                  ibigdata     000000
__Hidata                                     idata        000000
__HidataBANK0                                idataBANK0   000000
__HidataCOMRAM                               idataCOMRAM  000000
__Hidloc                                     idloc        200008
__Hifardata                                  ifardata     000000
__Hinit                                      init         000004
__Hintcode                                   intcode      000000
__Hintcode_body                              intcode_body 000000
__Hintcodelo                                 intcodelo    000000
__Hintentry                                  intentry     000000
__Hintret                                    intret       000000
__Hintsave_regs                              intsave_regs 000000
__Hirdata                                    irdata       000000
__Hmediumconst                               mediumconst  008000
__HnvBANK0                                   nvBANK0      000000
__HnvFARRAM                                  nvFARRAM     000000
__Hnvbit                                     nvbit        000000
__Hnvrram                                    nvrram       000000
__Hparam                                     rparam       000000
__Hpowerup                                   powerup      000000
__Hram                                       ram          000000
__Hramtop                                    ramtop       000800
__Hrbit                                      rbit         000000
__Hrbss                                      rbss         000000
__Hrdata                                     rdata        000000
__Hreset_vec                                 reset_vec    000000
__Hrparam                                    rparam       000000
__Hsfr                                       sfr          000000
__Hsmallconst                                smallconst   000000
__Hspace_0                                   (abs)        008000
__Hspace_1                                   (abs)        00009E
__Hspace_2                                   (abs)        000000
__Hspace_4                                   (abs)        60000E
__Hstack                                     stack        000000
__Hstruct                                    struct       000000
__Htemp                                      temp         000000
__Htext                                      text         000000
__Htext0                                     text0        000000
__Htext1                                     text1        000000
__Htext10                                    text10       000000
__Htext11                                    text11       000000
__Htext12                                    text12       000000
__Htext13                                    text13       000000
__Htext14                                    text14       000000
__Htext15                                    text15       000000
__Htext16                                    text16       000000
__Htext17                                    text17       000000
__Htext18                                    text18       000000
__Htext19                                    text19       000000
__Htext2                                     text2        000000
__Htext20                                    text20       000000
__Htext21                                    text21       000000
__Htext22                                    text22       000000
__Htext23                                    text23       000000
__Htext24                                    text24       000000
__Htext25                                    text25       000000
__Htext26                                    text26       000000
__Htext3                                     text3        000000
__Htext4                                     text4        000000
__Htext5                                     text5        000000
__Htext6                                     text6        000000
__Htext7                                     text7        000000
__Htext8                                     text8        000000
__Htext9                                     text9        000000
__LRAM                                       (abs)        000001
__Labs1                                      abs1         000000
__Lbank0                                     bank0        000000
__Lbank1                                     bank1        000000
__Lbank2                                     bank2        000000
__Lbank3                                     bank3        000000
__Lbank4                                     bank4        000000
__Lbank5                                     bank5        000000
__Lbank6                                     bank6        000000
__Lbank7                                     bank7        000000
__Lbigbss                                    bigbss       000000
__Lbigdata                                   bigdata      000000
__Lbigram                                    bigram       000000
__Lbss                                       bss          000000
__LbssBANK0                                  bssBANK0     000000
__LbssCOMRAM                                 bssCOMRAM    000000
__Lcinit                                     cinit        000000
__Lclrtext                                   clrtext      000000
__Lcomram                                    comram       000000
__Lconfig                                    config       000000
__Lconst                                     const        000000
__LcstackCOMRAM                              cstackCOMRAM 000000
__Ldata                                      data         000000
__LdataBANK0                                 dataBANK0    000000
__LdataCOMRAM                                dataCOMRAM   000000
__Leeprom_data                               eeprom_data  000000
__Lfarbss                                    farbss       000000
__Lfardata                                   fardata      000000
__Libigdata                                  ibigdata     000000
__Lidata                                     idata        000000
__LidataBANK0                                idataBANK0   000000
__LidataCOMRAM                               idataCOMRAM  000000
__Lidloc                                     idloc        000000
__Lifardata                                  ifardata     000000
__Linit                                      init         000000
__Lintcode                                   intcode      000000
__Lintcode_body                              intcode_body 000000
__Lintcodelo                                 intcodelo    000000
__Lintentry                                  intentry     000000
__Lintret                                    intret       000000
__Lintsave_regs                              intsave_regs 000000
__Lirdata                                    irdata       000000
__Lmediumconst                               mediumconst  00797E
__LnvBANK0                                   nvBANK0      000000
__LnvFARRAM                                  nvFARRAM     000000
__Lnvbit                                     nvbit        000000
__Lnvrram                                    nvrram       000000
__Lparam                                     rparam       000000
__Lpowerup                                   powerup      000000
__Lram                                       ram          000000
__Lramtop                                    ramtop       000800
__Lrbit                                      rbit         000000
__Lrbss                                      rbss         000000
__Lrdata                                     rdata        000000
__Lreset_vec                                 reset_vec    000000
__Lrparam                                    rparam       000000
__Lsfr                                       sfr          000000
__Lsmallconst                                smallconst   000000
__Lspace_0                                   (abs)        000000
__Lspace_1                                   (abs)        000000
__Lspace_2                                   (abs)        000000
__Lspace_4                                   (abs)        000000
__Lstack                                     stack        000000
__Lstruct                                    struct       000000
__Ltemp                                      temp         000000
__Ltext                                      text         000000
__Ltext0                                     text0        000000
__Ltext1                                     text1        000000
__Ltext10                                    text10       000000
__Ltext11                                    text11       000000
__Ltext12                                    text12       000000
__Ltext13                                    text13       000000
__Ltext14                                    text14       000000
__Ltext15                                    text15       000000
__Ltext16                                    text16       000000
__Ltext17                                    text17       000000
__Ltext18                                    text18       000000
__Ltext19                                    text19       000000
__Ltext2                                     text2        000000
__Ltext20                                    text20       000000
__Ltext21                                    text21       000000
__Ltext22                                    text22       000000
__Ltext23                                    text23       000000
__Ltext24                                    text24       000000
__Ltext25                                    text25       000000
__Ltext26                                    text26       000000
__Ltext3                                     text3        000000
__Ltext4                                     text4        000000
__Ltext5                                     text5        000000
__Ltext6                                     text6        000000
__Ltext7                                     text7        000000
__Ltext8                                     text8        000000
__Ltext9                                     text9        000000
__S0                                         (abs)        008000
__S1                                         (abs)        00009E
__S2                                         (abs)        000000
__S4                                         (abs)        000000
__S5                                         (abs)        000000
___awdiv                                     text6        006B10
___awdiv@counter                             cstackCOMRAM 000005
___awdiv@dividend                            cstackCOMRAM 000001
___awdiv@divisor                             cstackCOMRAM 000003
___awdiv@quotient                            cstackCOMRAM 000007
___awdiv@sign                                cstackCOMRAM 000006
___awmod                                     text5        006A60
___awmod@counter                             cstackCOMRAM 000005
___awmod@dividend                            cstackCOMRAM 000001
___awmod@divisor                             cstackCOMRAM 000003
___awmod@sign                                cstackCOMRAM 000006
___inthi_sp                                  stack        000000
___intlo_sp                                  stack        000000
___lldiv                                     text10       0069BC
___lldiv@counter                             cstackCOMRAM 00000D
___lldiv@dividend                            cstackCOMRAM 000001
___lldiv@divisor                             cstackCOMRAM 000005
___lldiv@quotient                            cstackCOMRAM 000009
___param_bank                                (abs)        000000
___rparam_used                               (abs)        000001
___sp                                        stack        000000
___wmul                                      text14       006582
___wmul@multiplicand                         cstackCOMRAM 000003
___wmul@multiplier                           cstackCOMRAM 000001
___wmul@product                              cstackCOMRAM 000005
__accesstop                                  (abs)        000060
__activetblptr                               (abs)        000002
__end_of_A_GlcdFontTable_U8                  mediumconst  007F5A
__end_of_DELAY_ms                            text19       0065D2
__end_of_DELAY_us                            text26       006500
__end_of_GLCD_Clear                          text16       0067CC
__end_of_GLCD_DisplayChar                    text11       006CBA
__end_of_GLCD_DisplayLogo                    text20       006934
__end_of_GLCD_DisplayNumber                  text9        00716E
__end_of_GLCD_DisplayString                  text8        006602
__end_of_GLCD_GoToLine                       text17       00655E
__end_of_GLCD_GoToNextLine                   text12       00651E
__end_of_GLCD_GoToPage                       text18       006656
__end_of_GLCD_Init                           text15       00675C
__end_of_GLCD_Printf                         text7        007556
__end_of_GLCD_SetCursor                      text4        0069BC
__end_of_LogoBitMap                          mediumconst  007D7F
__end_of___awdiv                             text6        006BD4
__end_of___awmod                             text5        006B10
__end_of___lldiv                             text10       006A60
__end_of___wmul                              text14       0065A8
__end_of__initialization                     cinit        0066A0
__end_of_column                              text13       00683E
__end_of_glcd_BusyCheck                      text25       0064CA
__end_of_glcd_CmdWrite                       text24       00653E
__end_of_glcd_DataWrite                      text23       0064E2
__end_of_glcd_SelectPage0                    text22       0064B6
__end_of_glcd_SelectPage1                    text21       0064BC
__end_of_main                                text0        00797E
__end_of_reset                               text3        006702
__end_of_row                                 text2        0068B0
__end_of_tapas                               text1        006F0C
__initialization                             cinit        006656
__mediumconst                                mediumconst  00797E
__pbssBANK0                                  bssBANK0     000084
__pbssCOMRAM                                 bssCOMRAM    000058
__pcinit                                     cinit        006656
__pcstackCOMRAM                              cstackCOMRAM 000001
__pdataBANK0                                 dataBANK0    000060
__pdataCOMRAM                                dataCOMRAM   00005F
__pidataBANK0                                idataBANK0   00655E
__pidataCOMRAM                               idataCOMRAM  0064AF
__pmediumconst                               mediumconst  00797E
__pnvBANK0                                   nvBANK0      00009A
__ptext0                                     text0        007556
__ptext1                                     text1        006CBA
__ptext10                                    text10       0069BC
__ptext11                                    text11       006BD4
__ptext12                                    text12       006500
__ptext13                                    text13       0067CC
__ptext14                                    text14       006582
__ptext15                                    text15       006702
__ptext16                                    text16       00675C
__ptext17                                    text17       00653E
__ptext18                                    text18       006602
__ptext19                                    text19       0065A8
__ptext2                                     text2        00683E
__ptext20                                    text20       0068B0
__ptext21                                    text21       0064B6
__ptext22                                    text22       0064B0
__ptext23                                    text23       0064CA
__ptext24                                    text24       00651E
__ptext25                                    text25       0064BC
__ptext26                                    text26       0064E2
__ptext3                                     text3        0066AA
__ptext4                                     text4        006934
__ptext5                                     text5        006A60
__ptext6                                     text6        006B10
__ptext7                                     text7        00716E
__ptext8                                     text8        0065D2
__ptext9                                     text9        006F0C
__ramtop                                     ramtop       000800
__size_of_DELAY_ms                           (abs)        000000
__size_of_DELAY_us                           (abs)        000000
__size_of_GLCD_Clear                         (abs)        000000
__size_of_GLCD_DisplayChar                   (abs)        000000
__size_of_GLCD_DisplayLogo                   (abs)        000000
__size_of_GLCD_DisplayNumber                 (abs)        000000
__size_of_GLCD_DisplayString                 (abs)        000000
__size_of_GLCD_GoToLine                      (abs)        000000
__size_of_GLCD_GoToNextLine                  (abs)        000000
__size_of_GLCD_GoToPage                      (abs)        000000
__size_of_GLCD_Init                          (abs)        000000
__size_of_GLCD_Printf                        (abs)        000000
__size_of_GLCD_SetCursor                     (abs)        000000
__size_of___awdiv                            (abs)        000000
__size_of___awmod                            (abs)        000000
__size_of___lldiv                            (abs)        000000
__size_of___wmul                             (abs)        000000
__size_of_column                             (abs)        000000
__size_of_glcd_BusyCheck                     (abs)        000000
__size_of_glcd_CmdWrite                      (abs)        000000
__size_of_glcd_DataWrite                     (abs)        000000
__size_of_glcd_SelectPage0                   (abs)        000000
__size_of_glcd_SelectPage1                   (abs)        000000
__size_of_main                               (abs)        000000
__size_of_reset                              (abs)        000000
__size_of_row                                (abs)        000000
__size_of_tapas                              (abs)        000000
__smallconst                                 smallconst   000000
_ayM                                         bssCOMRAM    00005C
_codColor                                    bssBANK0     00008E
_codTec                                      bssBANK0     000088
_column                                      text13       0067CC
_comb                                        dataBANK0    000060
_cond                                        bssBANK0     000090
_contChar                                    dataBANK0    000070
_glcd_BusyCheck                              text25       0064BC
_glcd_CmdWrite                               text24       00651E
_glcd_DataWrite                              text23       0064CA
_glcd_SelectPage0                            text22       0064B0
_glcd_SelectPage1                            text21       0064B6
_index                                       bssBANK0     000096
_main                                        text0        007556
_nC                                          dataBANK0    000072
_pA                                          dataCOMRAM   00005F
_pB                                          bssBANK0     000099
_prod                                        dataBANK0    000078
_reset                                       text3        0066AA
_row                                         text2        00683E
_sX                                          dataBANK0    000076
_sY                                          dataBANK0    000074
_saldo                                       bssBANK0     00008C
_tapas                                       text1        006CBA
_v1                                          bssBANK0     000098
_valM                                        bssCOMRAM    00005E
_xM                                          bssBANK0     000094
_xSC                                         nvBANK0      00009C
_yM                                          bssBANK0     000092
_ySC                                         nvBANK0      00009A
end_of_initialization                        cinit        0066A0
glcd_CmdWrite@cmd                            cstackCOMRAM 000003
glcd_DataWrite@dat                           cstackCOMRAM 000003
intlevel0                                    text         000000
intlevel1                                    text         000000
intlevel2                                    text         000000
intlevel3                                    text         000000
main@i                                       cstackCOMRAM 000050
main@p                                       cstackCOMRAM 000055
main@product                                 cstackCOMRAM 000054
main@x                                       cstackCOMRAM 000052
main@y                                       cstackCOMRAM 000056
reset@i                                      cstackCOMRAM 000044
row@portA                                    cstackCOMRAM 000001
stackhi                                      (abs)        0007FF
stacklo                                      (abs)        00009E
start                                        init         000000
start_initialization                         cinit        006656
tapas@val                                    cstackCOMRAM 000044
tapas@x                                      cstackCOMRAM 00004A
tapas@y                                      cstackCOMRAM 000048


FUNCTION INFORMATION:

 *************** function _main *****************
 Defined at:
		line 56 in file "main.c"
 Parameters:    Size  Location     Type
		None
 Auto vars:     Size  Location     Type
  p               1   84[COMRAM] unsigned char 
  product         1   83[COMRAM] unsigned char 
  y               2   85[COMRAM] int 
  x               2   81[COMRAM] int 
  i               2   79[COMRAM] int 
 Return value:  Size  Location     Type
                  1    wreg      void 
 Registers used:
		wreg, fsr2l, fsr2h, status,2, status,0, tblptrl, tblptrh, tblptru, prodl, prodh, cstack
 Tracked objects:
		On entry : 
		On exit  : 
		Unchanged: 
 Data sizes:     COMRAM   BANK0   BANK1   BANK2   BANK3   BANK4   BANK5   BANK6   BANK7
      Params:         0       0       0       0       0       0       0       0       0
      Locals:         8       0       0       0       0       0       0       0       0
      Temps:          4       0       0       0       0       0       0       0       0
      Totals:        12       0       0       0       0       0       0       0       0
Total ram usage:       12 bytes
 Hardware stack levels required when called:    9
 This function calls:
		_GLCD_Clear
		_GLCD_DisplayLogo
		_GLCD_Init
		_GLCD_Printf
		_GLCD_SetCursor
		___wmul
		_column
		_reset
		_row
		_tapas
 This function is called by:
		Startup code after reset
 This function uses a non-reentrant model


 *************** function _tapas *****************
 Defined at:
		line 239 in file "main.c"
 Parameters:    Size  Location     Type
  val             4   67[COMRAM] long 
  y               2   71[COMRAM] int 
  x               2   73[COMRAM] int 
 Auto vars:     Size  Location     Type
		None
 Return value:  Size  Location     Type
                  1    wreg      void 
 Registers used:
		wreg, fsr2l, fsr2h, status,2, status,0, tblptrl, tblptrh, tblptru, prodl, prodh, cstack
 Tracked objects:
		On entry : 
		On exit  : 
		Unchanged: 
 Data sizes:     COMRAM   BANK0   BANK1   BANK2   BANK3   BANK4   BANK5   BANK6   BANK7
      Params:         8       0       0       0       0       0       0       0       0
      Locals:         0       0       0       0       0       0       0       0       0
      Temps:          0       0       0       0       0       0       0       0       0
      Totals:         8       0       0       0       0       0       0       0       0
Total ram usage:        8 bytes
 Hardware stack levels used:    1
 Hardware stack levels required when called:    8
 This function calls:
		_GLCD_Printf
		_GLCD_SetCursor
 This function is called by:
		_main
 This function uses a non-reentrant model


 *************** function _row *****************
 Defined at:
		line 280 in file "main.c"
 Parameters:    Size  Location     Type
  portA           2    0[COMRAM] int 
 Auto vars:     Size  Location     Type
		None
 Return value:  Size  Location     Type
                  2    0[COMRAM] int 
 Registers used:
		wreg, status,2, status,0
 Tracked objects:
		On entry : 
		On exit  : 
		Unchanged: 
 Data sizes:     COMRAM   BANK0   BANK1   BANK2   BANK3   BANK4   BANK5   BANK6   BANK7
      Params:         2       0       0       0       0       0       0       0       0
      Locals:         0       0       0       0       0       0       0       0       0
      Temps:          2       0       0       0       0       0       0       0       0
      Totals:         4       0       0       0       0       0       0       0       0
Total ram usage:        4 bytes
 Hardware stack levels used:    1
 This function calls:
		Nothing
 This function is called by:
		_main
 This function uses a non-reentrant model


 *************** function _reset *****************
 Defined at:
		line 225 in file "main.c"
 Parameters:    Size  Location     Type
		None
 Auto vars:     Size  Location     Type
  i               2   67[COMRAM] int 
 Return value:  Size  Location     Type
                  1    wreg      void 
 Registers used:
		wreg, fsr2l, fsr2h, status,2, status,0, tblptrl, tblptrh, tblptru, prodl, prodh, cstack
 Tracked objects:
		On entry : 
		On exit  : 
		Unchanged: 
 Data sizes:     COMRAM   BANK0   BANK1   BANK2   BANK3   BANK4   BANK5   BANK6   BANK7
      Params:         0       0       0       0       0       0       0       0       0
      Locals:         2       0       0       0       0       0       0       0       0
      Temps:          0       0       0       0       0       0       0       0       0
      Totals:         2       0       0       0       0       0       0       0       0
Total ram usage:        2 bytes
 Hardware stack levels used:    1
 Hardware stack levels required when called:    8
 This function calls:
		_GLCD_Printf
		_GLCD_SetCursor
 This function is called by:
		_main
 This function uses a non-reentrant model


 *************** function _GLCD_SetCursor *****************
 Defined at:
		line 801 in file "glcd.c"
 Parameters:    Size  Location     Type
  lineNumber      1    wreg     unsigned char 
  CursorPositi    1    8[COMRAM] unsigned char 
 Auto vars:     Size  Location     Type
  lineNumber      1    9[COMRAM] unsigned char 
  pageNumber      1   10[COMRAM] unsigned char 
 Return value:  Size  Location     Type
                  1    wreg      void 
 Registers used:
		wreg, status,2, status,0, cstack
 Tracked objects:
		On entry : 
		On exit  : 
		Unchanged: 
 Data sizes:     COMRAM   BANK0   BANK1   BANK2   BANK3   BANK4   BANK5   BANK6   BANK7
      Params:         1       0       0       0       0       0       0       0       0
      Locals:         2       0       0       0       0       0       0       0       0
      Temps:          0       0       0       0       0       0       0       0       0
      Totals:         3       0       0       0       0       0       0       0       0
Total ram usage:        3 bytes
 Hardware stack levels used:    1
 Hardware stack levels required when called:    3
 This function calls:
		___awdiv
		___awmod
		_glcd_CmdWrite
		_glcd_SelectPage0
		_glcd_SelectPage1
 This function is called by:
		_main
		_reset
		_tapas
		_GLCD_VerticalGraph
		_GLCD_HorizontalGraph
 This function uses a non-reentrant model


 *************** function ___awmod *****************
 Defined at:
		line 7 in file "C:\Program Files\Microchip\xc8\v2.31\pic\sources\c99\common\awmod.c"
 Parameters:    Size  Location     Type
  dividend        2    0[COMRAM] int 
  divisor         2    2[COMRAM] int 
 Auto vars:     Size  Location     Type
  sign            1    5[COMRAM] unsigned char 
  counter         1    4[COMRAM] unsigned char 
 Return value:  Size  Location     Type
                  2    0[COMRAM] int 
 Registers used:
		wreg, status,2, status,0
 Tracked objects:
		On entry : 
		On exit  : 
		Unchanged: 
 Data sizes:     COMRAM   BANK0   BANK1   BANK2   BANK3   BANK4   BANK5   BANK6   BANK7
      Params:         4       0       0       0       0       0       0       0       0
      Locals:         2       0       0       0       0       0       0       0       0
      Temps:          0       0       0       0       0       0       0       0       0
      Totals:         6       0       0       0       0       0       0       0       0
Total ram usage:        6 bytes
 Hardware stack levels used:    1
 This function calls:
		Nothing
 This function is called by:
		_GLCD_SetCursor
 This function uses a non-reentrant model


 *************** function ___awdiv *****************
 Defined at:
		line 7 in file "C:\Program Files\Microchip\xc8\v2.31\pic\sources\c99\common\awdiv.c"
 Parameters:    Size  Location     Type
  dividend        2    0[COMRAM] int 
  divisor         2    2[COMRAM] int 
 Auto vars:     Size  Location     Type
  quotient        2    6[COMRAM] int 
  sign            1    5[COMRAM] unsigned char 
  counter         1    4[COMRAM] unsigned char 
 Return value:  Size  Location     Type
                  2    0[COMRAM] int 
 Registers used:
		wreg, status,2, status,0
 Tracked objects:
		On entry : 
		On exit  : 
		Unchanged: 
 Data sizes:     COMRAM   BANK0   BANK1   BANK2   BANK3   BANK4   BANK5   BANK6   BANK7
      Params:         4       0       0       0       0       0       0       0       0
      Locals:         4       0       0       0       0       0       0       0       0
      Temps:          0       0       0       0       0       0       0       0       0
      Totals:         8       0       0       0       0       0       0       0       0
Total ram usage:        8 bytes
 Hardware stack levels used:    1
 This function calls:
		Nothing
 This function is called by:
		_GLCD_SetCursor
		_GLCD_VerticalGraph
 This function uses a non-reentrant model


 *************** function _GLCD_Printf *****************
 Defined at:
		line 526 in file "glcd.c"
 Parameters:    Size  Location     Type
  argList         2   41[COMRAM] PTR const unsigned char 
		 -> STR_18(15), STR_17(20), STR_16(21), STR_15(19), 
		 -> STR_14(17), STR_13(15), STR_12(17), STR_11(2), 
		 -> STR_10(4), STR_9(10), STR_8(3), STR_7(3), 
		 -> STR_6(3), STR_5(3), STR_4(8), STR_3(3), 
		 -> STR_2(7), STR_1(8), 
 Auto vars:     Size  Location     Type
  v_num_u32       4   55[COMRAM] unsigned long 
  argp            2   65[COMRAM] PTR void [1]
		 -> ?_GLCD_Printf(1), 
  ptr             2   61[COMRAM] PTR const unsigned char 
		 -> STR_18(15), STR_17(20), STR_16(21), STR_15(19), 
		 -> STR_14(17), STR_13(15), STR_12(17), STR_11(2), 
		 -> STR_10(4), STR_9(10), STR_8(3), STR_7(3), 
		 -> STR_6(3), STR_5(3), STR_4(8), STR_3(3), 
		 -> STR_2(7), STR_1(8), 
  v_num_u16       2   59[COMRAM] unsigned short 
  v_num_s32       2   53[COMRAM] int 
  v_num_s16       2   51[COMRAM] short 
  str             2   49[COMRAM] PTR unsigned char 
		 -> ?_GLCD_Printf(1), 
  v_numOfDigit    1   64[COMRAM] unsigned char 
  ch              1   63[COMRAM] unsigned char 
 Return value:  Size  Location     Type
                  1    wreg      void 
 Registers used:
		wreg, fsr2l, fsr2h, status,2, status,0, tblptrl, tblptrh, tblptru, prodl, prodh, cstack
 Tracked objects:
		On entry : 
		On exit  : 
		Unchanged: 
 Data sizes:     COMRAM   BANK0   BANK1   BANK2   BANK3   BANK4   BANK5   BANK6   BANK7
      Params:         6       0       0       0       0       0       0       0       0
      Locals:        18       0       0       0       0       0       0       0       0
      Temps:          2       0       0       0       0       0       0       0       0
      Totals:        26       0       0       0       0       0       0       0       0
Total ram usage:       26 bytes
 Hardware stack levels used:    1
 Hardware stack levels required when called:    7
 This function calls:
		_GLCD_DisplayChar
		_GLCD_DisplayNumber
		_GLCD_DisplayString
 This function is called by:
		_main
		_reset
		_tapas
 This function uses a non-reentrant model


 *************** function _GLCD_DisplayString *****************
 Defined at:
		line 274 in file "glcd.c"
 Parameters:    Size  Location     Type
  ptr             2    9[COMRAM] PTR unsigned char 
		 -> ?_GLCD_Printf(1), 
 Auto vars:     Size  Location     Type
		None
 Return value:  Size  Location     Type
                  1    wreg      void 
 Registers used:
		wreg, fsr2l, fsr2h, status,2, status,0, tblptrl, tblptrh, tblptru, prodl, prodh, cstack
 Tracked objects:
		On entry : 
		On exit  : 
		Unchanged: 
 Data sizes:     COMRAM   BANK0   BANK1   BANK2   BANK3   BANK4   BANK5   BANK6   BANK7
      Params:         2       0       0       0       0       0       0       0       0
      Locals:         0       0       0       0       0       0       0       0       0
      Temps:          0       0       0       0       0       0       0       0       0
      Totals:         2       0       0       0       0       0       0       0       0
Total ram usage:        2 bytes
 Hardware stack levels used:    1
 Hardware stack levels required when called:    6
 This function calls:
		_GLCD_DisplayChar
 This function is called by:
		_GLCD_Printf
 This function uses a non-reentrant model


 *************** function _GLCD_DisplayNumber *****************
 Defined at:
		line 389 in file "glcd.c"
 Parameters:    Size  Location     Type
  v_numericSys    1    wreg     unsigned char 
  v_number_u32    4   13[COMRAM] unsigned long 
  v_numOfDigit    1   17[COMRAM] unsigned char 
 Auto vars:     Size  Location     Type
  v_numericSys    1   39[COMRAM] unsigned char 
  a              10   27[COMRAM] unsigned char [10]
  i               1   40[COMRAM] unsigned char 
 Return value:  Size  Location     Type
                  1    wreg      void 
 Registers used:
		wreg, fsr2l, fsr2h, status,2, status,0, tblptrl, tblptrh, tblptru, prodl, prodh, cstack
 Tracked objects:
		On entry : 
		On exit  : 
		Unchanged: 
 Data sizes:     COMRAM   BANK0   BANK1   BANK2   BANK3   BANK4   BANK5   BANK6   BANK7
      Params:         5       0       0       0       0       0       0       0       0
      Locals:        14       0       0       0       0       0       0       0       0
      Temps:          9       0       0       0       0       0       0       0       0
      Totals:        28       0       0       0       0       0       0       0       0
Total ram usage:       28 bytes
 Hardware stack levels used:    1
 Hardware stack levels required when called:    6
 This function calls:
		_GLCD_DisplayChar
		___lldiv
 This function is called by:
		_GLCD_Printf
		_GLCD_VerticalGraph
		_GLCD_HorizontalGraph
 This function uses a non-reentrant model


 *************** function ___lldiv *****************
 Defined at:
		line 7 in file "C:\Program Files\Microchip\xc8\v2.31\pic\sources\c99\common\__lldiv.c"
 Parameters:    Size  Location     Type
  dividend        4    0[COMRAM] unsigned long 
  divisor         4    4[COMRAM] unsigned long 
 Auto vars:     Size  Location     Type
  quotient        4    8[COMRAM] unsigned long 
  counter         1   12[COMRAM] unsigned char 
 Return value:  Size  Location     Type
                  4    0[COMRAM] unsigned long 
 Registers used:
		wreg, status,2, status,0
 Tracked objects:
		On entry : 
		On exit  : 
		Unchanged: 
 Data sizes:     COMRAM   BANK0   BANK1   BANK2   BANK3   BANK4   BANK5   BANK6   BANK7
      Params:         8       0       0       0       0       0       0       0       0
      Locals:         5       0       0       0       0       0       0       0       0
      Temps:          0       0       0       0       0       0       0       0       0
      Totals:        13       0       0       0       0       0       0       0       0
Total ram usage:       13 bytes
 Hardware stack levels used:    1
 This function calls:
		Nothing
 This function is called by:
		_GLCD_DisplayNumber
 This function uses a non-reentrant model


 *************** function _GLCD_DisplayChar *****************
 Defined at:
		line 215 in file "glcd.c"
 Parameters:    Size  Location     Type
  ch              1    wreg     unsigned char 
 Auto vars:     Size  Location     Type
  ch              1    8[COMRAM] unsigned char 
  i               1    7[COMRAM] unsigned char 
  dat             1    6[COMRAM] unsigned char 
 Return value:  Size  Location     Type
                  1    wreg      void 
 Registers used:
		wreg, status,2, status,0, tblptrl, tblptrh, tblptru, prodl, prodh, cstack
 Tracked objects:
		On entry : 
		On exit  : 
		Unchanged: 
 Data sizes:     COMRAM   BANK0   BANK1   BANK2   BANK3   BANK4   BANK5   BANK6   BANK7
      Params:         0       0       0       0       0       0       0       0       0
      Locals:         3       0       0       0       0       0       0       0       0
      Temps:          2       0       0       0       0       0       0       0       0
      Totals:         5       0       0       0       0       0       0       0       0
Total ram usage:        5 bytes
 Hardware stack levels used:    1
 Hardware stack levels required when called:    5
 This function calls:
		_GLCD_GoToNextLine
		_GLCD_GoToPage
		_glcd_DataWrite
 This function is called by:
		_GLCD_DisplayString
		_GLCD_DisplayNumber
		_GLCD_Printf
 This function uses a non-reentrant model


 *************** function _GLCD_GoToNextLine *****************
 Defined at:
		line 772 in file "glcd.c"
 Parameters:    Size  Location     Type
		None
 Auto vars:     Size  Location     Type
		None
 Return value:  Size  Location     Type
                  1    wreg      void 
 Registers used:
		wreg, status,2, status,0, cstack
 Tracked objects:
		On entry : 
		On exit  : 
		Unchanged: 
 Data sizes:     COMRAM   BANK0   BANK1   BANK2   BANK3   BANK4   BANK5   BANK6   BANK7
      Params:         0       0       0       0       0       0       0       0       0
      Locals:         0       0       0       0       0       0       0       0       0
      Temps:          0       0       0       0       0       0       0       0       0
      Totals:         0       0       0       0       0       0       0       0       0
Total ram usage:        0 bytes
 Hardware stack levels used:    1
 Hardware stack levels required when called:    4
 This function calls:
		_GLCD_GoToPage
 This function is called by:
		_GLCD_DisplayChar
 This function uses a non-reentrant model


 *************** function _column *****************
 Defined at:
		line 297 in file "main.c"
 Parameters:    Size  Location     Type
		None
 Auto vars:     Size  Location     Type
		None
 Return value:  Size  Location     Type
                  2    0[COMRAM] int 
 Registers used:
		wreg, status,2
 Tracked objects:
		On entry : 
		On exit  : 
		Unchanged: 
 Data sizes:     COMRAM   BANK0   BANK1   BANK2   BANK3   BANK4   BANK5   BANK6   BANK7
      Params:         2       0       0       0       0       0       0       0       0
      Locals:         0       0       0       0       0       0       0       0       0
      Temps:          0       0       0       0       0       0       0       0       0
      Totals:         2       0       0       0       0       0       0       0       0
Total ram usage:        2 bytes
 Hardware stack levels used:    1
 This function calls:
		Nothing
 This function is called by:
		_main
 This function uses a non-reentrant model


 *************** function ___wmul *****************
 Defined at:
		line 15 in file "C:\Program Files\Microchip\xc8\v2.31\pic\sources\c99\common\Umul16.c"
 Parameters:    Size  Location     Type
  multiplier      2    0[COMRAM] unsigned int 
  multiplicand    2    2[COMRAM] unsigned int 
 Auto vars:     Size  Location     Type
  product         2    4[COMRAM] unsigned int 
 Return value:  Size  Location     Type
                  2    0[COMRAM] unsigned int 
 Registers used:
		wreg, status,2, status,0, prodl, prodh
 Tracked objects:
		On entry : 
		On exit  : 
		Unchanged: 
 Data sizes:     COMRAM   BANK0   BANK1   BANK2   BANK3   BANK4   BANK5   BANK6   BANK7
      Params:         4       0       0       0       0       0       0       0       0
      Locals:         2       0       0       0       0       0       0       0       0
      Temps:          0       0       0       0       0       0       0       0       0
      Totals:         6       0       0       0       0       0       0       0       0
Total ram usage:        6 bytes
 Hardware stack levels used:    1
 This function calls:
		Nothing
 This function is called by:
		_main
 This function uses a non-reentrant model


 *************** function _GLCD_Init *****************
 Defined at:
		line 168 in file "glcd.c"
 Parameters:    Size  Location     Type
		None
 Auto vars:     Size  Location     Type
		None
 Return value:  Size  Location     Type
                  1    wreg      void 
 Registers used:
		wreg, status,2, status,0, cstack
 Tracked objects:
		On entry : 
		On exit  : 
		Unchanged: 
 Data sizes:     COMRAM   BANK0   BANK1   BANK2   BANK3   BANK4   BANK5   BANK6   BANK7
      Params:         0       0       0       0       0       0       0       0       0
      Locals:         0       0       0       0       0       0       0       0       0
      Temps:          0       0       0       0       0       0       0       0       0
      Totals:         0       0       0       0       0       0       0       0       0
Total ram usage:        0 bytes
 Hardware stack levels used:    1
 Hardware stack levels required when called:    6
 This function calls:
		_DELAY_ms
		_GLCD_Clear
		_GLCD_GoToPage
		_glcd_CmdWrite
		_glcd_SelectPage0
		_glcd_SelectPage1
 This function is called by:
		_main
 This function uses a non-reentrant model


 *************** function _GLCD_Clear *****************
 Defined at:
		line 675 in file "glcd.c"
 Parameters:    Size  Location     Type
		None
 Auto vars:     Size  Location     Type
  line            1    6[COMRAM] unsigned char 
  cursor          1    5[COMRAM] unsigned char 
 Return value:  Size  Location     Type
                  1    wreg      void 
 Registers used:
		wreg, status,2, status,0, cstack
 Tracked objects:
		On entry : 
		On exit  : 
		Unchanged: 
 Data sizes:     COMRAM   BANK0   BANK1   BANK2   BANK3   BANK4   BANK5   BANK6   BANK7
      Params:         0       0       0       0       0       0       0       0       0
      Locals:         2       0       0       0       0       0       0       0       0
      Temps:          0       0       0       0       0       0       0       0       0
      Totals:         2       0       0       0       0       0       0       0       0
Total ram usage:        2 bytes
 Hardware stack levels used:    1
 Hardware stack levels required when called:    5
 This function calls:
		_GLCD_GoToLine
		_glcd_CmdWrite
		_glcd_DataWrite
		_glcd_SelectPage0
		_glcd_SelectPage1
 This function is called by:
		_main
		_GLCD_Init
 This function uses a non-reentrant model


 *************** function _GLCD_GoToLine *****************
 Defined at:
		line 748 in file "glcd.c"
 Parameters:    Size  Location     Type
  lineNumber      1    wreg     unsigned char 
 Auto vars:     Size  Location     Type
  lineNumber      1    4[COMRAM] unsigned char 
 Return value:  Size  Location     Type
                  1    wreg      void 
 Registers used:
		wreg, status,2, status,0, cstack
 Tracked objects:
		On entry : 
		On exit  : 
		Unchanged: 
 Data sizes:     COMRAM   BANK0   BANK1   BANK2   BANK3   BANK4   BANK5   BANK6   BANK7
      Params:         0       0       0       0       0       0       0       0       0
      Locals:         1       0       0       0       0       0       0       0       0
      Temps:          0       0       0       0       0       0       0       0       0
      Totals:         1       0       0       0       0       0       0       0       0
Total ram usage:        1 bytes
 Hardware stack levels used:    1
 Hardware stack levels required when called:    4
 This function calls:
		_GLCD_GoToPage
 This function is called by:
		_GLCD_Clear
 This function uses a non-reentrant model


 *************** function _GLCD_GoToPage *****************
 Defined at:
		line 712 in file "glcd.c"
 Parameters:    Size  Location     Type
  pageNumber      1    wreg     unsigned char 
 Auto vars:     Size  Location     Type
  pageNumber      1    3[COMRAM] unsigned char 
 Return value:  Size  Location     Type
                  1    wreg      void 
 Registers used:
		wreg, status,2, status,0, cstack
 Tracked objects:
		On entry : 
		On exit  : 
		Unchanged: 
 Data sizes:     COMRAM   BANK0   BANK1   BANK2   BANK3   BANK4   BANK5   BANK6   BANK7
      Params:         0       0       0       0       0       0       0       0       0
      Locals:         1       0       0       0       0       0       0       0       0
      Temps:          0       0       0       0       0       0       0       0       0
      Totals:         1       0       0       0       0       0       0       0       0
Total ram usage:        1 bytes
 Hardware stack levels used:    1
 Hardware stack levels required when called:    3
 This function calls:
		_glcd_CmdWrite
		_glcd_SelectPage0
		_glcd_SelectPage1
 This function is called by:
		_GLCD_Init
		_GLCD_DisplayChar
		_GLCD_GoToLine
		_GLCD_GoToNextLine
		_GLCD_HorizontalGraph
 This function uses a non-reentrant model


 *************** function _DELAY_ms *****************
 Defined at:
		line 70 in file "delay.c"
 Parameters:    Size  Location     Type
  ms_count        2    2[COMRAM] unsigned short 
 Auto vars:     Size  Location     Type
		None
 Return value:  Size  Location     Type
                  1    wreg      void 
 Registers used:
		wreg, status,2, status,0, cstack
 Tracked objects:
		On entry : 
		On exit  : 
		Unchanged: 
 Data sizes:     COMRAM   BANK0   BANK1   BANK2   BANK3   BANK4   BANK5   BANK6   BANK7
      Params:         2       0       0       0       0       0       0       0       0
      Locals:         0       0       0       0       0       0       0       0       0
      Temps:          0       0       0       0       0       0       0       0       0
      Totals:         2       0       0       0       0       0       0       0       0
Total ram usage:        2 bytes
 Hardware stack levels used:    1
 Hardware stack levels required when called:    1
 This function calls:
		_DELAY_us
 This function is called by:
		_GLCD_Init
		_DELAY_sec
 This function uses a non-reentrant model


 *************** function _GLCD_DisplayLogo *****************
 Defined at:
		line 843 in file "glcd.c"
 Parameters:    Size  Location     Type
  ptr_Logo        3    3[COMRAM] PTR const unsigned char 
		 -> ROM(32767), 
 Auto vars:     Size  Location     Type
  line            1    7[COMRAM] unsigned char 
  cursor          1    6[COMRAM] unsigned char 
 Return value:  Size  Location     Type
                  1    wreg      void 
 Registers used:
		wreg, status,2, status,0, tblptrl, tblptrh, tblptru, cstack
 Tracked objects:
		On entry : 
		On exit  : 
		Unchanged: 
 Data sizes:     COMRAM   BANK0   BANK1   BANK2   BANK3   BANK4   BANK5   BANK6   BANK7
      Params:         3       0       0       0       0       0       0       0       0
      Locals:         2       0       0       0       0       0       0       0       0
      Temps:          0       0       0       0       0       0       0       0       0
      Totals:         5       0       0       0       0       0       0       0       0
Total ram usage:        5 bytes
 Hardware stack levels used:    1
 Hardware stack levels required when called:    3
 This function calls:
		_glcd_CmdWrite
		_glcd_DataWrite
		_glcd_SelectPage0
		_glcd_SelectPage1
 This function is called by:
		_main
 This function uses a non-reentrant model


 *************** function _glcd_SelectPage1 *****************
 Defined at:
		line 1054 in file "glcd.c"
 Parameters:    Size  Location     Type
		None
 Auto vars:     Size  Location     Type
		None
 Return value:  Size  Location     Type
                  1    wreg      void 
 Registers used:
		status,2, status,0
 Tracked objects:
		On entry : 
		On exit  : 
		Unchanged: 
 Data sizes:     COMRAM   BANK0   BANK1   BANK2   BANK3   BANK4   BANK5   BANK6   BANK7
      Params:         0       0       0       0       0       0       0       0       0
      Locals:         0       0       0       0       0       0       0       0       0
      Temps:          0       0       0       0       0       0       0       0       0
      Totals:         0       0       0       0       0       0       0       0       0
Total ram usage:        0 bytes
 Hardware stack levels used:    1
 This function calls:
		Nothing
 This function is called by:
		_GLCD_Init
		_GLCD_Clear
		_GLCD_GoToPage
		_GLCD_SetCursor
		_GLCD_DisplayLogo
 This function uses a non-reentrant model


 *************** function _glcd_SelectPage0 *****************
 Defined at:
		line 1046 in file "glcd.c"
 Parameters:    Size  Location     Type
		None
 Auto vars:     Size  Location     Type
		None
 Return value:  Size  Location     Type
                  1    wreg      void 
 Registers used:
		status,2, status,0
 Tracked objects:
		On entry : 
		On exit  : 
		Unchanged: 
 Data sizes:     COMRAM   BANK0   BANK1   BANK2   BANK3   BANK4   BANK5   BANK6   BANK7
      Params:         0       0       0       0       0       0       0       0       0
      Locals:         0       0       0       0       0       0       0       0       0
      Temps:          0       0       0       0       0       0       0       0       0
      Totals:         0       0       0       0       0       0       0       0       0
Total ram usage:        0 bytes
 Hardware stack levels used:    1
 This function calls:
		Nothing
 This function is called by:
		_GLCD_Init
		_GLCD_Clear
		_GLCD_GoToPage
		_GLCD_SetCursor
		_GLCD_DisplayLogo
 This function uses a non-reentrant model


 *************** function _glcd_DataWrite *****************
 Defined at:
		line 1032 in file "glcd.c"
 Parameters:    Size  Location     Type
  dat             1    wreg     unsigned char 
 Auto vars:     Size  Location     Type
  dat             1    2[COMRAM] unsigned char 
 Return value:  Size  Location     Type
                  1    wreg      void 
 Registers used:
		wreg, status,2, status,0, cstack
 Tracked objects:
		On entry : 
		On exit  : 
		Unchanged: 
 Data sizes:     COMRAM   BANK0   BANK1   BANK2   BANK3   BANK4   BANK5   BANK6   BANK7
      Params:         0       0       0       0       0       0       0       0       0
      Locals:         1       0       0       0       0       0       0       0       0
      Temps:          0       0       0       0       0       0       0       0       0
      Totals:         1       0       0       0       0       0       0       0       0
Total ram usage:        1 bytes
 Hardware stack levels used:    1
 Hardware stack levels required when called:    2
 This function calls:
		_glcd_BusyCheck
 This function is called by:
		_GLCD_DisplayChar
		_GLCD_Clear
		_GLCD_DisplayLogo
		_GLCD_VerticalGraph
		_GLCD_HorizontalGraph
 This function uses a non-reentrant model


 *************** function _glcd_CmdWrite *****************
 Defined at:
		line 1019 in file "glcd.c"
 Parameters:    Size  Location     Type
  cmd             1    wreg     unsigned char 
 Auto vars:     Size  Location     Type
  cmd             1    2[COMRAM] unsigned char 
 Return value:  Size  Location     Type
                  1    wreg      void 
 Registers used:
		wreg, status,2, status,0, cstack
 Tracked objects:
		On entry : 
		On exit  : 
		Unchanged: 
 Data sizes:     COMRAM   BANK0   BANK1   BANK2   BANK3   BANK4   BANK5   BANK6   BANK7
      Params:         0       0       0       0       0       0       0       0       0
      Locals:         1       0       0       0       0       0       0       0       0
      Temps:          0       0       0       0       0       0       0       0       0
      Totals:         1       0       0       0       0       0       0       0       0
Total ram usage:        1 bytes
 Hardware stack levels used:    1
 Hardware stack levels required when called:    2
 This function calls:
		_DELAY_us
		_glcd_BusyCheck
 This function is called by:
		_GLCD_Init
		_GLCD_Clear
		_GLCD_GoToPage
		_GLCD_SetCursor
		_GLCD_DisplayLogo
 This function uses a non-reentrant model


 *************** function _glcd_BusyCheck *****************
 Defined at:
		line 1064 in file "glcd.c"
 Parameters:    Size  Location     Type
		None
 Auto vars:     Size  Location     Type
		None
 Return value:  Size  Location     Type
                  1    wreg      void 
 Registers used:
		wreg, status,2, status,0, cstack
 Tracked objects:
		On entry : 
		On exit  : 
		Unchanged: 
 Data sizes:     COMRAM   BANK0   BANK1   BANK2   BANK3   BANK4   BANK5   BANK6   BANK7
      Params:         0       0       0       0       0       0       0       0       0
      Locals:         0       0       0       0       0       0       0       0       0
      Temps:          0       0       0       0       0       0       0       0       0
      Totals:         0       0       0       0       0       0       0       0       0
Total ram usage:        0 bytes
 Hardware stack levels used:    1
 Hardware stack levels required when called:    1
 This function calls:
		_DELAY_us
 This function is called by:
		_glcd_CmdWrite
		_glcd_DataWrite
 This function uses a non-reentrant model


 *************** function _DELAY_us *****************
 Defined at:
		line 52 in file "delay.c"
 Parameters:    Size  Location     Type
  us_count        2    0[COMRAM] unsigned short 
 Auto vars:     Size  Location     Type
		None
 Return value:  Size  Location     Type
                  1    wreg      void 
 Registers used:
		wreg, status,2, status,0
 Tracked objects:
		On entry : 
		On exit  : 
		Unchanged: 
 Data sizes:     COMRAM   BANK0   BANK1   BANK2   BANK3   BANK4   BANK5   BANK6   BANK7
      Params:         2       0       0       0       0       0       0       0       0
      Locals:         0       0       0       0       0       0       0       0       0
      Temps:          0       0       0       0       0       0       0       0       0
      Totals:         2       0       0       0       0       0       0       0       0
Total ram usage:        2 bytes
 Hardware stack levels used:    1
 This function calls:
		Nothing
 This function is called by:
		_glcd_CmdWrite
		_glcd_BusyCheck
		_DELAY_ms
 This function uses a non-reentrant model



MODULE INFORMATION

Module		Function		Class		Link	Load	Size
delay.c
		_DELAY_ms      		CODE           	65A8	0000	42
		_DELAY_us      		CODE           	64E2	0000	30

delay.c estimated size: 72

C:\Program Files\Microchip\xc8\v2.31\pic\sources\c99\common\awmod.c
		___awmod       		CODE           	6A60	0000	176

C:\Program Files\Microchip\xc8\v2.31\pic\sources\c99\common\awmod.c estimated size: 176

shared
		__initialization		CODE           	6656	0000	74
		_LogoBitMap    		MEDIUMCONST    	797F	0000	1024
		_A_GlcdFontTable_U8		MEDIUMCONST    	7D7F	0000	475

shared estimated size: 1573

glcd.c
		_glcd_DataWrite		CODE           	64CA	0000	24
		_glcd_BusyCheck		CODE           	64BC	0000	14
		_GLCD_DisplayChar		CODE           	6BD4	0000	230
		_GLCD_DisplayLogo		CODE           	68B0	0000	132
		_GLCD_Init     		CODE           	6702	0000	90
		_GLCD_GoToPage 		CODE           	6602	0000	84
		_GLCD_GoToLine 		CODE           	653E	0000	32
		_GLCD_Printf   		CODE           	716E	0000	1000
		_glcd_SelectPage0		CODE           	64B0	0000	6
		_glcd_SelectPage1		CODE           	64B6	0000	6
		_GLCD_GoToNextLine		CODE           	6500	0000	30
		_GLCD_DisplayString		CODE           	65D2	0000	48
		_GLCD_DisplayNumber		CODE           	6F0C	0000	610
		_glcd_CmdWrite 		CODE           	651E	0000	32
		_GLCD_SetCursor		CODE           	6934	0000	136
		_GLCD_Clear    		CODE           	675C	0000	112

glcd.c estimated size: 2586

C:\Program Files\Microchip\xc8\v2.31\pic\sources\c99\common\awdiv.c
		___awdiv       		CODE           	6B10	0000	196

C:\Program Files\Microchip\xc8\v2.31\pic\sources\c99\common\awdiv.c estimated size: 196

C:\Program Files\Microchip\xc8\v2.31\pic\sources\c99\common\Umul16.c
		___wmul        		CODE           	6582	0000	38

C:\Program Files\Microchip\xc8\v2.31\pic\sources\c99\common\Umul16.c estimated size: 38

main.c
		_reset         		CODE           	66AA	0000	88
		_main          		CODE           	7556	0000	1064
		_tapas         		CODE           	6CBA	0000	594
		_row           		CODE           	683E	0000	114
		_column        		CODE           	67CC	0000	114

main.c estimated size: 1974

C:\Program Files\Microchip\xc8\v2.31\pic\sources\c99\common\__lldiv.c
		___lldiv       		CODE           	69BC	0000	164

C:\Program Files\Microchip\xc8\v2.31\pic\sources\c99\common\__lldiv.c estimated size: 164

