Microchip MPLAB XC8 Compiler V2.31

Linker command line:

-W-3 --edf=C:\Program Files\Microchip\xc8\v2.31\pic\dat\en_msgs.txt -cn \
  -h+dist/default/production\glcd.X.production.sym \
  --cmf=dist/default/production\glcd.X.production.cmf -z -Q18F4550 \
  -oC:\Users\dsdia\AppData\Local\Temp\s9ug.2 --defsym=__MPLAB_BUILD=1 \
  -Mdist/default/production/glcd.X.production.map -E1 -ver=XC8 Compiler \
  --acfsm=1493 -ASTACK=01D0h-07FFh -pstack=STACK -ACODE=00h-07FFFh \
  -ACONST=00h-07FFFh -ASMALLCONST=0800h-08FFhx120 \
  -AMEDIUMCONST=0800h-07FFFh -ACOMRAM=01h-05Fh -AABS1=00h-07FFh \
  -ABIGRAM=01h-07FFh -ARAM=060h-0FFh,0100h-01FFhx7 -ABANK0=060h-0FFh \
  -ABANK1=0100h-01FFh -ABANK2=0200h-02FFh -ABANK3=0300h-03FFh \
  -ABANK4=0400h-04FFh -ABANK5=0500h-05FFh -ABANK6=0600h-06FFh \
  -ABANK7=0700h-07FFh -ASFR=0F60h-0FFFh -ACONFIG=0300000h-030000Dh \
  -AIDLOC=0200000h-0200007h -AEEDATA=0F00000h-0F000FFh -peeprom_data=EEDATA \
  -preset_vec=00h,intcode,intcodelo,powerup,init -pramtop=0800h \
  -psmallconst=SMALLCONST -pmediumconst=MEDIUMCONST -pconst=CONST \
  -AFARRAM=00h-00h \
  -prdata=COMRAM,nvrram=COMRAM,nvbit=COMRAM,rbss=COMRAM,rbit=COMRAM \
  -pfarbss=FARRAM,fardata=FARRAM,nvFARRAM=FARRAM \
  -pintsave_regs=BIGRAM,bigbss=BIGRAM,bigdata=BIGRAM -pbss=RAM \
  -pidata=CODE,irdata=CODE,ibigdata=CODE,ifardata=CODE -prparam=COMRAM \
  C:\Users\dsdia\AppData\Local\Temp\s9ug.o \
  dist/default/production\glcd.X.production.o 

Object code version is 3.11

Machine type is 18F4550



                Name                               Link     Load   Length Selector   Space Scale
C:\Users\dsdia\AppData\Local\Temp\s9ug.o
                idloc                            200000   200000        8        0       5
                config                           300000   300000        E        0       4
                init                                  0        0        4        0       0
dist/default/production\glcd.X.production.o
                idloc                            200000   200000        8        0       5
                config                           300000   300000        E        0       4
                mediumconst                        78A8     78A8      758     3C54       0
                text36                             1936     1936       1E      C9B       0
                text35                             19D8     19D8       2A      CEC       0
                text34                             18FE     18FE        E      C7F       0
                text33                             1954     1954       20      CAA       0
                text32                             18EC     18EC        6      C76       0
                text31                             18F2     18F2        6      C79       0
                text30                             1AE4     1AE4       58      D72       0
                text29                             1994     1994       22      CCA       0
                text28                             191C     191C       1A      C8E       0
                text27                             1C62     1C62       70      E31       0
                text26                             1B3C     1B3C       5C      D9E       0
                text25                             1974     1974       20      CBA       0
                text24                             1FF0     1FF0       EE      FF8       0
                text23                             1DD8     1DD8       A4      EEC       0
                text22                             27DE     27DE      262     13EF       0
                text21                             1A02     1A02       30      D01       0
                text20                             2DDA     2DDA      414     16ED       0
                text19                             1F2C     1F2C       C4      F96       0
                text18                             1E7C     1E7C       B0      F3E       0
                text17                             1D4C     1D4C       8C      EA6       0
                text16                             21E2     21E2      108     10F1       0
                text15                             22EA     22EA      10C     1175       0
                text14                             1BF8     1BF8       6A      DFC       0
                text13                             1CD2     1CD2       7A      E69       0
                text12                             2A40     2A40      39A     1520       0
                text11                             1A66     1A66       38      D33       0
                text10                             3618     3618      4C0     1B0C       0
                text9                              1A9E     1A9E       46      D4F       0
                text8                              23F6     23F6      1B4     11FB       0
                text7                              1A32     1A32       34      D19       0
                text6                              31EE     31EE      42A     18F7       0
                text5                              25AA     25AA      234     12D5       0
                text4                              20DE     20DE      104     106F       0
                text3                              19B6     19B6       22      CDB       0
                text2                              3AD8     3AD8      4C0     1D6C       0
                text1                              4FC4     4FC4     28E4     27E2       0
                text0                              3F98     3F98     102C     1FCC       0
                cstackCOMRAM                          1        1       5F        1       1
                cstackBANK0                          60       60       84       60       1
                cstackBANK1                         100      100       BC      100       1
                dataBANK1                           1BC      1BC       10      100       1
                bssBANK1                            1CC      1CC        4      100       1
                dataBANK0                            F8       F8        6       60       1
                bssBANK0                             E4       E4       14       60       1
                cinit                              1B98     1B98       60      DCC       0
                idataBANK1                         190C     190C       10     190C       0
                idataBANK0                         18F8     18F8        6     18F8       0

TOTAL           Name                               Link     Load   Length     Space
        CLASS   STACK          

        CLASS   CODE           
                init                                  0        0        4         0
                text36                             1936     1936       1E         0
                text35                             19D8     19D8       2A         0
                text34                             18FE     18FE        E         0
                text33                             1954     1954       20         0
                text32                             18EC     18EC        6         0
                text31                             18F2     18F2        6         0
                text30                             1AE4     1AE4       58         0
                text29                             1994     1994       22         0
                text28                             191C     191C       1A         0
                text27                             1C62     1C62       70         0
                text26                             1B3C     1B3C       5C         0
                text25                             1974     1974       20         0
                text24                             1FF0     1FF0       EE         0
                text23                             1DD8     1DD8       A4         0
                text22                             27DE     27DE      262         0
                text21                             1A02     1A02       30         0
                text20                             2DDA     2DDA      414         0
                text19                             1F2C     1F2C       C4         0
                text18                             1E7C     1E7C       B0         0
                text17                             1D4C     1D4C       8C         0
                text16                             21E2     21E2      108         0
                text15                             22EA     22EA      10C         0
                text14                             1BF8     1BF8       6A         0
                text13                             1CD2     1CD2       7A         0
                text12                             2A40     2A40      39A         0
                text11                             1A66     1A66       38         0
                text10                             3618     3618      4C0         0
                text9                              1A9E     1A9E       46         0
                text8                              23F6     23F6      1B4         0
                text7                              1A32     1A32       34         0
                text6                              31EE     31EE      42A         0
                text5                              25AA     25AA      234         0
                text4                              20DE     20DE      104         0
                text3                              19B6     19B6       22         0
                text2                              3AD8     3AD8      4C0         0
                text1                              4FC4     4FC4     28E4         0
                text0                              3F98     3F98     102C         0
                cinit                              1B98     1B98       60         0
                idataBANK1                         190C     190C       10         0
                idataBANK0                         18F8     18F8        6         0

        CLASS   CONST          

        CLASS   SMALLCONST     

        CLASS   MEDIUMCONST    
                mediumconst                        78A8     78A8      758         0

        CLASS   COMRAM         
                cstackCOMRAM                          1        1       5F         1

        CLASS   ABS1           

        CLASS   BIGRAM         

        CLASS   RAM            

        CLASS   BANK0          
                cstackBANK0                          60       60       84         1
                dataBANK0                            F8       F8        6         1
                bssBANK0                             E4       E4       14         1

        CLASS   BANK1          
                cstackBANK1                         100      100       BC         1
                dataBANK1                           1BC      1BC       10         1
                bssBANK1                            1CC      1CC        4         1

        CLASS   BANK2          

        CLASS   BANK3          

        CLASS   BANK4          

        CLASS   BANK5          

        CLASS   BANK6          

        CLASS   BANK7          

        CLASS   SFR            

        CLASS   CONFIG         
                config                           300000   300000        E         4

        CLASS   IDLOC          
                idloc                            200000   200000        8         5

        CLASS   EEDATA         

        CLASS   FARRAM         



SEGMENTS        Name                           Load    Length   Top    Selector   Space  Class

                reset_vec                      000000  000004  000004         0       0  CODE    
                cstackCOMRAM                   000001  00005F  000060         1       1  COMRAM  
                cstackBANK0                    000060  00009E  0000FE        60       1  BANK0   
                cstackBANK1                    000100  0000D0  0001D0       100       1  BANK1   
                text32                         0018EC  000006  0018F2       C76       0  CODE    
                text31                         0018F2  000006  0018F8       C79       0  CODE    
                idataBANK0                     0018F8  000006  0018FE      18F8       0  CODE    
                text34                         0018FE  00000E  00190C       C7F       0  CODE    
                idataBANK1                     00190C  000010  00191C      190C       0  CODE    
                text28                         00191C  00001A  001936       C8E       0  CODE    
                text36                         001936  00001E  001954       C9B       0  CODE    
                text33                         001954  000020  001974       CAA       0  CODE    
                text25                         001974  000020  001994       CBA       0  CODE    
                text29                         001994  000022  0019B6       CCA       0  CODE    
                text3                          0019B6  000022  0019D8       CDB       0  CODE    
                text35                         0019D8  00002A  001A02       CEC       0  CODE    
                text21                         001A02  000030  001A32       D01       0  CODE    
                text7                          001A32  000034  001A66       D19       0  CODE    
                text11                         001A66  000038  001A9E       D33       0  CODE    
                text9                          001A9E  000046  001AE4       D4F       0  CODE    
                text30                         001AE4  000058  001B3C       D72       0  CODE    
                text26                         001B3C  00005C  001B98       D9E       0  CODE    
                cinit                          001B98  000060  001BF8       DCC       0  CODE    
                text14                         001BF8  00006A  001C62       DFC       0  CODE    
                text27                         001C62  000070  001CD2       E31       0  CODE    
                text13                         001CD2  00007A  001D4C       E69       0  CODE    
                text17                         001D4C  00008C  001DD8       EA6       0  CODE    
                text23                         001DD8  0000A4  001E7C       EEC       0  CODE    
                text18                         001E7C  0000B0  001F2C       F3E       0  CODE    
                text19                         001F2C  0000C4  001FF0       F96       0  CODE    
                text24                         001FF0  0000EE  0020DE       FF8       0  CODE    
                text4                          0020DE  000104  0021E2      106F       0  CODE    
                text16                         0021E2  000108  0022EA      10F1       0  CODE    
                text15                         0022EA  00010C  0023F6      1175       0  CODE    
                text8                          0023F6  0001B4  0025AA      11FB       0  CODE    
                text5                          0025AA  000234  0027DE      12D5       0  CODE    
                text22                         0027DE  000262  002A40      13EF       0  CODE    
                text12                         002A40  00039A  002DDA      1520       0  CODE    
                text20                         002DDA  000414  0031EE      16ED       0  CODE    
                text6                          0031EE  00042A  003618      18F7       0  CODE    
                text10                         003618  0004C0  003AD8      1B0C       0  CODE    
                text2                          003AD8  0004C0  003F98      1D6C       0  CODE    
                text0                          003F98  00102C  004FC4      1FCC       0  CODE    
                text1                          004FC4  0028E4  0078A8      27E2       0  CODE    
                mediumconst                    0078A8  000758  008000      3C54       0  MEDIUMCO


UNUSED ADDRESS RANGES

        Name                Unused          Largest block    Delta
        BANK0            0000FE-0000FF                2
        BANK1            0001D0-0001FF               30
        BANK2            000200-0002FF              100
        BANK3            000300-0003FF              100
        BANK4            000400-0004FF              100
        BANK5            000500-0005FF              100
        BANK6            000600-0006FF              100
        BANK7            000700-0007FF              100
        BIGRAM           0000FE-0000FF                2
                         0001D0-0007FF              630
        CODE             000004-0018EB             18E8
        CONST            000004-0018EB             18E8
        EEDATA           F00000-F000FF              100
        MEDIUMCONST      000800-0018EB             10EC
        RAM              0000FE-0000FF                2
                         0001D0-0007FF              100
        SFR              000F60-000FFF               A0
        SMALLCONST       000800-0018EB              100
        STACK            0001D0-0007FF              630

                                  Symbol Table

?_GLCD_Printf                                cstackCOMRAM 00002A
?___aldiv                                    cstackCOMRAM 00000D
?___awdiv                                    cstackCOMRAM 000001
?___awmod                                    cstackCOMRAM 000001
?___fladd                                    cstackCOMRAM 000001
?___fldiv                                    cstackCOMRAM 000032
?___flmul                                    cstackCOMRAM 000011
?___flneg                                    cstackCOMRAM 000001
?___flsub                                    cstackCOMRAM 00002A
?___fltol                                    cstackBANK0  000090
?___lldiv                                    cstackCOMRAM 000001
?___lmul                                     cstackCOMRAM 000001
?___xxtofl                                   cstackCOMRAM 000001
?_fabsf                                      cstackCOMRAM 000001
?_map                                        cstackCOMRAM 00001B
?_nanf                                       cstackCOMRAM 000001
?_powf                                       cstackBANK0  000088
?_scalbnf                                    cstackCOMRAM 00002A
?_sqrtf                                      cstackCOMRAM 00003E
DELAY_ms@ms_count                            cstackCOMRAM 000003
DELAY_us@us_count                            cstackCOMRAM 000001
GLCD_Clear@cursor                            cstackCOMRAM 000006
GLCD_Clear@line                              cstackCOMRAM 000007
GLCD_DisplayChar@ch                          cstackCOMRAM 000009
GLCD_DisplayChar@dat                         cstackCOMRAM 000007
GLCD_DisplayChar@i                           cstackCOMRAM 000008
GLCD_DisplayNumber@a                         cstackCOMRAM 00001C
GLCD_DisplayNumber@i                         cstackCOMRAM 000029
GLCD_DisplayNumber@v_numOfDigitsToDisplay_u8 cstackCOMRAM 000012
GLCD_DisplayNumber@v_number_u32              cstackCOMRAM 00000E
GLCD_DisplayNumber@v_numericSystem_u8        cstackCOMRAM 000028
GLCD_DisplayString@ptr                       cstackCOMRAM 00000A
GLCD_GoToLine@lineNumber                     cstackCOMRAM 000005
GLCD_GoToPage@pageNumber                     cstackCOMRAM 000004
GLCD_Printf@argList                          cstackCOMRAM 00002A
GLCD_Printf@argp                             cstackCOMRAM 000044
GLCD_Printf@ch                               cstackCOMRAM 000042
GLCD_Printf@ptr                              cstackCOMRAM 00003F
GLCD_Printf@str                              cstackCOMRAM 000033
GLCD_Printf@v_numOfDigitsToDisp_u8           cstackCOMRAM 000043
GLCD_Printf@v_num_s16                        cstackCOMRAM 000035
GLCD_Printf@v_num_s32                        cstackCOMRAM 000037
GLCD_Printf@v_num_u16                        cstackCOMRAM 00003D
GLCD_Printf@v_num_u32                        cstackCOMRAM 000039
GLCD_SetCursor@CursorPosition                cstackCOMRAM 000009
GLCD_SetCursor@lineNumber                    cstackCOMRAM 00000A
GLCD_SetCursor@pageNumber                    cstackCOMRAM 00000B
_ADCON0                                      (abs)        000FC2
_ADCON0bits                                  (abs)        000FC2
_ADCON1                                      (abs)        000FC1
_ADCON2                                      (abs)        000FC0
_ADRESH                                      (abs)        000FC4
_ADRESL                                      (abs)        000FC3
_A_GlcdFontTable_U8                          mediumconst  007CA9
_DELAY_ms                                    text35       0019D8
_DELAY_us                                    text36       001936
_GLCD                                        bssBANK0     0000E4
_GLCD_Clear                                  text27       001C62
_GLCD_DisplayChar                            text24       001FF0
_GLCD_DisplayNumber                          text22       0027DE
_GLCD_DisplayNumber$533                      cstackCOMRAM 000026
_GLCD_DisplayString                          text21       001A02
_GLCD_GoToLine                               text29       001994
_GLCD_GoToNextLine                           text25       001974
_GLCD_GoToPage                               text30       001AE4
_GLCD_Init                                   text26       001B3C
_GLCD_Printf                                 text20       002DDA
_GLCD_SetCursor                              text17       001D4C
_LogoBitMap                                  mediumconst  0078A9
_PORTA                                       (abs)        000F80
_PORTAbits                                   (abs)        000F80
_PORTB                                       (abs)        000F81
_PORTC                                       (abs)        000F82
_PORTCbits                                   (abs)        000F82
_PORTD                                       (abs)        000F83
_PORTE                                       (abs)        000F84
_PORTEbits                                   (abs)        000F84
_TRISA                                       (abs)        000F92
_TRISB                                       (abs)        000F93
_TRISC                                       (abs)        000F94
_TRISD                                       (abs)        000F95
_TRISE                                       (abs)        000F96
__HRAM                                       (abs)        000000
__Habs1                                      abs1         000000
__Hbank0                                     bank0        000000
__Hbank1                                     bank1        000000
__Hbank2                                     bank2        000000
__Hbank3                                     bank3        000000
__Hbank4                                     bank4        000000
__Hbank5                                     bank5        000000
__Hbank6                                     bank6        000000
__Hbank7                                     bank7        000000
__Hbigbss                                    bigbss       000000
__Hbigdata                                   bigdata      000000
__Hbigram                                    bigram       000000
__Hbss                                       bss          000000
__HbssBANK0                                  bssBANK0     000000
__HbssBANK1                                  bssBANK1     000000
__Hcinit                                     cinit        000000
__Hclrtext                                   clrtext      000000
__Hcomram                                    comram       000000
__Hconfig                                    config       30000E
__Hconst                                     const        000000
__HcstackBANK0                               cstackBANK0  000000
__HcstackBANK1                               cstackBANK1  000000
__HcstackCOMRAM                              cstackCOMRAM 000000
__Hdata                                      data         000000
__HdataBANK0                                 dataBANK0    000000
__HdataBANK1                                 dataBANK1    000000
__Heeprom_data                               eeprom_data  000000
__Hfarbss                                    farbss       000000
__Hfardata                                   fardata      000000
__Hibigdata                                  ibigdata     000000
__Hidata                                     idata        000000
__HidataBANK0                                idataBANK0   000000
__HidataBANK1                                idataBANK1   000000
__Hidloc                                     idloc        200008
__Hifardata                                  ifardata     000000
__Hinit                                      init         000004
__Hintcode                                   intcode      000000
__Hintcode_body                              intcode_body 000000
__Hintcodelo                                 intcodelo    000000
__Hintentry                                  intentry     000000
__Hintret                                    intret       000000
__Hintsave_regs                              intsave_regs 000000
__Hirdata                                    irdata       000000
__Hmediumconst                               mediumconst  008000
__HnvFARRAM                                  nvFARRAM     000000
__Hnvbit                                     nvbit        000000
__Hnvrram                                    nvrram       000000
__Hparam                                     rparam       000000
__Hpowerup                                   powerup      000000
__Hram                                       ram          000000
__Hramtop                                    ramtop       000800
__Hrbit                                      rbit         000000
__Hrbss                                      rbss         000000
__Hrdata                                     rdata        000000
__Hreset_vec                                 reset_vec    000000
__Hrparam                                    rparam       000000
__Hsfr                                       sfr          000000
__Hsmallconst                                smallconst   000000
__Hspace_0                                   (abs)        008000
__Hspace_1                                   (abs)        0001D0
__Hspace_2                                   (abs)        000000
__Hspace_4                                   (abs)        60000E
__Hstack                                     stack        000000
__Hstruct                                    struct       000000
__Htemp                                      temp         000000
__Htext                                      text         000000
__Htext0                                     text0        000000
__Htext1                                     text1        000000
__Htext10                                    text10       000000
__Htext11                                    text11       000000
__Htext12                                    text12       000000
__Htext13                                    text13       000000
__Htext14                                    text14       000000
__Htext15                                    text15       000000
__Htext16                                    text16       000000
__Htext17                                    text17       000000
__Htext18                                    text18       000000
__Htext19                                    text19       000000
__Htext2                                     text2        000000
__Htext20                                    text20       000000
__Htext21                                    text21       000000
__Htext22                                    text22       000000
__Htext23                                    text23       000000
__Htext24                                    text24       000000
__Htext25                                    text25       000000
__Htext26                                    text26       000000
__Htext27                                    text27       000000
__Htext28                                    text28       000000
__Htext29                                    text29       000000
__Htext3                                     text3        000000
__Htext30                                    text30       000000
__Htext31                                    text31       000000
__Htext32                                    text32       000000
__Htext33                                    text33       000000
__Htext34                                    text34       000000
__Htext35                                    text35       000000
__Htext36                                    text36       000000
__Htext4                                     text4        000000
__Htext5                                     text5        000000
__Htext6                                     text6        000000
__Htext7                                     text7        000000
__Htext8                                     text8        000000
__Htext9                                     text9        000000
__LRAM                                       (abs)        000001
__Labs1                                      abs1         000000
__Lbank0                                     bank0        000000
__Lbank1                                     bank1        000000
__Lbank2                                     bank2        000000
__Lbank3                                     bank3        000000
__Lbank4                                     bank4        000000
__Lbank5                                     bank5        000000
__Lbank6                                     bank6        000000
__Lbank7                                     bank7        000000
__Lbigbss                                    bigbss       000000
__Lbigdata                                   bigdata      000000
__Lbigram                                    bigram       000000
__Lbss                                       bss          000000
__LbssBANK0                                  bssBANK0     000000
__LbssBANK1                                  bssBANK1     000000
__Lcinit                                     cinit        000000
__Lclrtext                                   clrtext      000000
__Lcomram                                    comram       000000
__Lconfig                                    config       000000
__Lconst                                     const        000000
__LcstackBANK0                               cstackBANK0  000000
__LcstackBANK1                               cstackBANK1  000000
__LcstackCOMRAM                              cstackCOMRAM 000000
__Ldata                                      data         000000
__LdataBANK0                                 dataBANK0    000000
__LdataBANK1                                 dataBANK1    000000
__Leeprom_data                               eeprom_data  000000
__Lfarbss                                    farbss       000000
__Lfardata                                   fardata      000000
__Libigdata                                  ibigdata     000000
__Lidata                                     idata        000000
__LidataBANK0                                idataBANK0   000000
__LidataBANK1                                idataBANK1   000000
__Lidloc                                     idloc        000000
__Lifardata                                  ifardata     000000
__Linit                                      init         000000
__Lintcode                                   intcode      000000
__Lintcode_body                              intcode_body 000000
__Lintcodelo                                 intcodelo    000000
__Lintentry                                  intentry     000000
__Lintret                                    intret       000000
__Lintsave_regs                              intsave_regs 000000
__Lirdata                                    irdata       000000
__Lmediumconst                               mediumconst  0078A8
__LnvFARRAM                                  nvFARRAM     000000
__Lnvbit                                     nvbit        000000
__Lnvrram                                    nvrram       000000
__Lparam                                     rparam       000000
__Lpowerup                                   powerup      000000
__Lram                                       ram          000000
__Lramtop                                    ramtop       000800
__Lrbit                                      rbit         000000
__Lrbss                                      rbss         000000
__Lrdata                                     rdata        000000
__Lreset_vec                                 reset_vec    000000
__Lrparam                                    rparam       000000
__Lsfr                                       sfr          000000
__Lsmallconst                                smallconst   000000
__Lspace_0                                   (abs)        000000
__Lspace_1                                   (abs)        000000
__Lspace_2                                   (abs)        000000
__Lspace_4                                   (abs)        000000
__Lstack                                     stack        000000
__Lstruct                                    struct       000000
__Ltemp                                      temp         000000
__Ltext                                      text         000000
__Ltext0                                     text0        000000
__Ltext1                                     text1        000000
__Ltext10                                    text10       000000
__Ltext11                                    text11       000000
__Ltext12                                    text12       000000
__Ltext13                                    text13       000000
__Ltext14                                    text14       000000
__Ltext15                                    text15       000000
__Ltext16                                    text16       000000
__Ltext17                                    text17       000000
__Ltext18                                    text18       000000
__Ltext19                                    text19       000000
__Ltext2                                     text2        000000
__Ltext20                                    text20       000000
__Ltext21                                    text21       000000
__Ltext22                                    text22       000000
__Ltext23                                    text23       000000
__Ltext24                                    text24       000000
__Ltext25                                    text25       000000
__Ltext26                                    text26       000000
__Ltext27                                    text27       000000
__Ltext28                                    text28       000000
__Ltext29                                    text29       000000
__Ltext3                                     text3        000000
__Ltext30                                    text30       000000
__Ltext31                                    text31       000000
__Ltext32                                    text32       000000
__Ltext33                                    text33       000000
__Ltext34                                    text34       000000
__Ltext35                                    text35       000000
__Ltext36                                    text36       000000
__Ltext4                                     text4        000000
__Ltext5                                     text5        000000
__Ltext6                                     text6        000000
__Ltext7                                     text7        000000
__Ltext8                                     text8        000000
__Ltext9                                     text9        000000
__S0                                         (abs)        008000
__S1                                         (abs)        0001D0
__S2                                         (abs)        000000
__S4                                         (abs)        000000
__S5                                         (abs)        000000
___aldiv                                     text15       0022EA
___aldiv@counter                             cstackCOMRAM 000015
___aldiv@dividend                            cstackCOMRAM 00000D
___aldiv@divisor                             cstackCOMRAM 000011
___aldiv@quotient                            cstackCOMRAM 000017
___aldiv@sign                                cstackCOMRAM 000016
___awdiv                                     text19       001F2C
___awdiv@counter                             cstackCOMRAM 000005
___awdiv@dividend                            cstackCOMRAM 000001
___awdiv@divisor                             cstackCOMRAM 000003
___awdiv@quotient                            cstackCOMRAM 000007
___awdiv@sign                                cstackCOMRAM 000006
___awmod                                     text18       001E7C
___awmod@counter                             cstackCOMRAM 000005
___awmod@dividend                            cstackCOMRAM 000001
___awmod@divisor                             cstackCOMRAM 000003
___awmod@sign                                cstackCOMRAM 000006
___fladd                                     text10       003618
___fladd@a                                   cstackCOMRAM 000005
___fladd@aexp                                cstackCOMRAM 00000E
___fladd@b                                   cstackCOMRAM 000001
___fladd@bexp                                cstackCOMRAM 00000F
___fladd@grs                                 cstackCOMRAM 000010
___fladd@signs                               cstackCOMRAM 00000D
___fldiv                                     text12       002A40
___fldiv@a                                   cstackCOMRAM 000036
___fldiv@aexp                                cstackCOMRAM 00004A
___fldiv@b                                   cstackCOMRAM 000032
___fldiv@bexp                                cstackCOMRAM 000049
___fldiv@grs                                 cstackCOMRAM 000045
___fldiv@new_exp                             cstackCOMRAM 000043
___fldiv@rem                                 cstackCOMRAM 00003E
___fldiv@sign                                cstackCOMRAM 000042
___flge                                      text4        0020DE
___flge@ff1                                  cstackCOMRAM 000032
___flge@ff2                                  cstackCOMRAM 000036
___flmul                                     text6        0031EE
___flmul@a                                   cstackCOMRAM 000015
___flmul@aexp                                cstackCOMRAM 000022
___flmul@b                                   cstackCOMRAM 000011
___flmul@bexp                                cstackCOMRAM 000023
___flmul@grs                                 cstackCOMRAM 00001E
___flmul@prod                                cstackCOMRAM 000024
___flmul@sign                                cstackCOMRAM 00001D
___flmul@temp                                cstackCOMRAM 000028
___flneg                                     text11       001A66
___flneg@f1                                  cstackCOMRAM 000001
___flsub                                     text9        001A9E
___flsub@a                                   cstackCOMRAM 00002E
___flsub@b                                   cstackCOMRAM 00002A
___fltol                                     text16       0021E2
___fltol@exp1                                cstackCOMRAM 000059
___fltol@f1                                  cstackBANK0  000090
___fltol@sign1                               cstackCOMRAM 000058
___inthi_sp                                  stack        000000
___intlo_sp                                  stack        000000
___lldiv                                     text23       001DD8
___lldiv@counter                             cstackCOMRAM 00000D
___lldiv@dividend                            cstackCOMRAM 000001
___lldiv@divisor                             cstackCOMRAM 000005
___lldiv@quotient                            cstackCOMRAM 000009
___lmul                                      text14       001BF8
___lmul@multiplicand                         cstackCOMRAM 000005
___lmul@multiplier                           cstackCOMRAM 000001
___lmul@product                              cstackCOMRAM 000009
___param_bank                                (abs)        000000
___rparam_used                               (abs)        000001
___sp                                        stack        000000
___xxtofl                                    text8        0023F6
___xxtofl@arg                                cstackCOMRAM 00000B
___xxtofl@exp                                cstackCOMRAM 00000A
___xxtofl@sign                               cstackCOMRAM 000009
___xxtofl@val                                cstackCOMRAM 000001
__accesstop                                  (abs)        000060
__activetblptr                               (abs)        000002
__end_of_A_GlcdFontTable_U8                  mediumconst  007E84
__end_of_DELAY_ms                            text35       001A02
__end_of_DELAY_us                            text36       001954
__end_of_GLCD_Clear                          text27       001CD2
__end_of_GLCD_DisplayChar                    text24       0020DE
__end_of_GLCD_DisplayNumber                  text22       002A40
__end_of_GLCD_DisplayString                  text21       001A32
__end_of_GLCD_GoToLine                       text29       0019B6
__end_of_GLCD_GoToNextLine                   text25       001994
__end_of_GLCD_GoToPage                       text30       001B3C
__end_of_GLCD_Init                           text26       001B98
__end_of_GLCD_Printf                         text20       0031EE
__end_of_GLCD_SetCursor                      text17       001DD8
__end_of_L1                                  mediumconst  007EE0
__end_of_L2                                  mediumconst  007EDC
__end_of_L3                                  mediumconst  007ED8
__end_of_L4                                  mediumconst  007ED4
__end_of_L5                                  mediumconst  007ED0
__end_of_L6                                  mediumconst  007ECC
__end_of_LogoBitMap                          mediumconst  007CA9
__end_of_P1                                  mediumconst  007EC8
__end_of_P2                                  mediumconst  007EC4
__end_of_P3                                  mediumconst  007EC0
__end_of_P4                                  mediumconst  007EBC
__end_of_P5                                  mediumconst  007EB8
__end_of___aldiv                             text15       0023F6
__end_of___awdiv                             text19       001FF0
__end_of___awmod                             text18       001F2C
__end_of___fladd                             text10       003AD8
__end_of___fldiv                             text12       002DDA
__end_of___flge                              text4        0021E2
__end_of___flmul                             text6        003618
__end_of___flneg                             text11       001A9E
__end_of___flsub                             text9        001AE4
__end_of___fltol                             text16       0022EA
__end_of___lldiv                             text23       001E7C
__end_of___lmul                              text14       001C62
__end_of___xxtofl                            text8        0025AA
__end_of__initialization                     cinit        001BEE
__end_of_bp                                  mediumconst  007EF4
__end_of_cp                                  mediumconst  007EA4
__end_of_cp_h                                mediumconst  007F00
__end_of_cp_l                                mediumconst  007EFC
__end_of_dp_h                                mediumconst  007E94
__end_of_dp_l                                mediumconst  007E8C
__end_of_fabsf                               text7        001A66
__end_of_glcd_BusyCheck                      text34       00190C
__end_of_glcd_CmdWrite                       text33       001974
__end_of_glcd_DataWrite                      text28       001936
__end_of_glcd_SelectPage0                    text32       0018F2
__end_of_glcd_SelectPage1                    text31       0018F8
__end_of_huge                                mediumconst  007EE8
__end_of_ivln2                               mediumconst  007EA0
__end_of_ivln2_h                             mediumconst  007EF8
__end_of_ivln2_l                             mediumconst  007E9C
__end_of_lg2                                 mediumconst  007EB4
__end_of_lg2_h                               mediumconst  007EB0
__end_of_lg2_l                               mediumconst  007EAC
__end_of_main                                text0        004FC4
__end_of_map                                 text13       001D4C
__end_of_nanf                                text3        0019D8
__end_of_ovt                                 mediumconst  007EA8
__end_of_powf                                text1        0078A8
__end_of_scalbnf                             text5        0027DE
__end_of_sqrtf                               text2        003F98
__end_of_tiny                                mediumconst  007EE4
__end_of_tiny@sqrtf$F1147                    mediumconst  007E98
__end_of_two24                               mediumconst  007EEC
__initialization                             cinit        001B98
__mediumconst                                mediumconst  0078A8
__pbssBANK0                                  bssBANK0     0000E4
__pbssBANK1                                  bssBANK1     0001CC
__pcinit                                     cinit        001B98
__pcstackBANK0                               cstackBANK0  000060
__pcstackBANK1                               cstackBANK1  000100
__pcstackCOMRAM                              cstackCOMRAM 000001
__pdataBANK0                                 dataBANK0    0000F8
__pdataBANK1                                 dataBANK1    0001BC
__pidataBANK0                                idataBANK0   0018F8
__pidataBANK1                                idataBANK1   00190C
__pmediumconst                               mediumconst  0078A8
__ptext0                                     text0        003F98
__ptext1                                     text1        004FC4
__ptext10                                    text10       003618
__ptext11                                    text11       001A66
__ptext12                                    text12       002A40
__ptext13                                    text13       001CD2
__ptext14                                    text14       001BF8
__ptext15                                    text15       0022EA
__ptext16                                    text16       0021E2
__ptext17                                    text17       001D4C
__ptext18                                    text18       001E7C
__ptext19                                    text19       001F2C
__ptext2                                     text2        003AD8
__ptext20                                    text20       002DDA
__ptext21                                    text21       001A02
__ptext22                                    text22       0027DE
__ptext23                                    text23       001DD8
__ptext24                                    text24       001FF0
__ptext25                                    text25       001974
__ptext26                                    text26       001B3C
__ptext27                                    text27       001C62
__ptext28                                    text28       00191C
__ptext29                                    text29       001994
__ptext3                                     text3        0019B6
__ptext30                                    text30       001AE4
__ptext31                                    text31       0018F2
__ptext32                                    text32       0018EC
__ptext33                                    text33       001954
__ptext34                                    text34       0018FE
__ptext35                                    text35       0019D8
__ptext36                                    text36       001936
__ptext4                                     text4        0020DE
__ptext5                                     text5        0025AA
__ptext6                                     text6        0031EE
__ptext7                                     text7        001A32
__ptext8                                     text8        0023F6
__ptext9                                     text9        001A9E
__ramtop                                     ramtop       000800
__size_of_DELAY_ms                           (abs)        000000
__size_of_DELAY_us                           (abs)        000000
__size_of_GLCD_Clear                         (abs)        000000
__size_of_GLCD_DisplayChar                   (abs)        000000
__size_of_GLCD_DisplayNumber                 (abs)        000000
__size_of_GLCD_DisplayString                 (abs)        000000
__size_of_GLCD_GoToLine                      (abs)        000000
__size_of_GLCD_GoToNextLine                  (abs)        000000
__size_of_GLCD_GoToPage                      (abs)        000000
__size_of_GLCD_Init                          (abs)        000000
__size_of_GLCD_Printf                        (abs)        000000
__size_of_GLCD_SetCursor                     (abs)        000000
__size_of___aldiv                            (abs)        000000
__size_of___awdiv                            (abs)        000000
__size_of___awmod                            (abs)        000000
__size_of___fladd                            (abs)        000000
__size_of___fldiv                            (abs)        000000
__size_of___flge                             (abs)        000000
__size_of___flmul                            (abs)        000000
__size_of___flneg                            (abs)        000000
__size_of___flsub                            (abs)        000000
__size_of___fltol                            (abs)        000000
__size_of___lldiv                            (abs)        000000
__size_of___lmul                             (abs)        000000
__size_of___xxtofl                           (abs)        000000
__size_of_fabsf                              (abs)        000000
__size_of_glcd_BusyCheck                     (abs)        000000
__size_of_glcd_CmdWrite                      (abs)        000000
__size_of_glcd_DataWrite                     (abs)        000000
__size_of_glcd_SelectPage0                   (abs)        000000
__size_of_glcd_SelectPage1                   (abs)        000000
__size_of_main                               (abs)        000000
__size_of_map                                (abs)        000000
__size_of_nanf                               (abs)        000000
__size_of_powf                               (abs)        000000
__size_of_scalbnf                            (abs)        000000
__size_of_sqrtf                              (abs)        000000
__smallconst                                 smallconst   000000
_bp                                          mediumconst  007EEC
_dp_h                                        mediumconst  007E8C
_dp_l                                        mediumconst  007E84
_errno                                       bssBANK0     0000F0
_fabsf                                       text7        001A32
_glcd_BusyCheck                              text34       0018FE
_glcd_CmdWrite                               text33       001954
_glcd_DataWrite                              text28       00191C
_glcd_SelectPage0                            text32       0018EC
_glcd_SelectPage1                            text31       0018F2
_main                                        text0        003F98
_main$1363                                   cstackBANK0  0000AC
_map                                         text13       001CD2
_max                                         dataBANK0    0000FC
_min                                         bssBANK0     0000F4
_nanf                                        text3        0019B6
_opc                                         dataBANK0    0000F8
_powf                                        text1        004FC4
_powf$1364                                   cstackBANK1  0001A4
_powf$1365                                   cstackBANK1  000154
_powf$1366                                   cstackBANK1  000148
_powf$1367                                   cstackBANK1  000194
_powf$1368                                   cstackBANK1  000138
_powf$1369                                   cstackBANK1  000100
_powf$1370                                   cstackBANK1  000104
_powf$1371                                   cstackBANK1  000158
_powf$1372                                   cstackBANK1  00013C
_powf$1373                                   cstackBANK1  000140
_powf$1374                                   cstackBANK1  000108
_powf$1375                                   cstackBANK1  00010C
_powf$1376                                   cstackBANK1  000110
_powf$1377                                   cstackBANK1  000114
_powf$1378                                   cstackBANK1  000118
_scalbnf                                     text5        0025AA
_secc                                        dataBANK0    0000FA
_setpoint                                    bssBANK0     0000F6
_sqrtf                                       text2        003AD8
_temp                                        bssBANK0     0000E8
_val                                         bssBANK0     0000F2
_valPot                                      bssBANK0     0000EC
end_of_initialization                        cinit        001BEE
fabsf@F465                                   bssBANK1     0001CC
fabsf@u                                      cstackCOMRAM 000005
fabsf@x                                      cstackCOMRAM 000001
glcd_CmdWrite@cmd                            cstackCOMRAM 000003
glcd_DataWrite@dat                           cstackCOMRAM 000003
intlevel0                                    text         000000
intlevel1                                    text         000000
intlevel2                                    text         000000
intlevel3                                    text         000000
main@F                                       cstackBANK0  0000B6
main@F4048                                   dataBANK1    0001BC
main@LDR                                     cstackBANK0  0000E0
main@P                                       cstackBANK0  0000B0
main@PH                                      cstackBANK0  0000C8
main@PL                                      cstackBANK0  0000B2
main@PointPos                                cstackBANK0  0000BC
main@ayM                                     cstackBANK0  0000DE
main@codColor                                cstackBANK0  0000C2
main@codTec                                  cstackBANK0  0000A4
main@comb                                    cstackBANK0  000094
main@cond                                    cstackBANK0  0000BA
main@cont                                    cstackBANK0  0000D5
main@den                                     cstackBANK0  0000B4
main@i                                       cstackBANK0  0000D8
main@i_363                                   cstackBANK0  0000D3
main@i_434                                   cstackBANK0  0000DA
main@index                                   cstackBANK0  0000BE
main@j                                       cstackBANK0  0000DC
main@maxF                                    cstackBANK0  0000C6
main@n                                       cstackBANK0  0000CA
main@pA                                      cstackBANK0  0000D7
main@pB                                      cstackBANK0  0000BD
main@saldo                                   cstackBANK0  0000A8
main@valM                                    cstackBANK0  0000CC
main@x                                       cstackBANK0  0000CD
main@xM                                      cstackBANK0  0000C0
main@xSC                                     cstackBANK0  0000CF
main@xStart                                  cstackBANK0  0000C4
main@yM                                      cstackBANK0  0000B8
main@ySC                                     cstackBANK0  0000D1
map@in_M                                     cstackCOMRAM 000023
map@in_m                                     cstackCOMRAM 00001F
map@out_M                                    cstackCOMRAM 00002B
map@out_m                                    cstackCOMRAM 000027
map@x                                        cstackCOMRAM 00001B
nanf@s                                       cstackCOMRAM 000001
nanf@u                                       cstackCOMRAM 000005
powf@__xc8_float_word                        cstackBANK1  0001B8
powf@ax                                      cstackBANK1  000170
powf@hx                                      cstackBANK1  000160
powf@hy                                      cstackBANK1  000184
powf@i                                       cstackBANK1  00012C
powf@is                                      cstackBANK1  000190
powf@ix                                      cstackBANK1  0001A8
powf@iy                                      cstackBANK1  000198
powf@j                                       cstackBANK1  0001AC
powf@k                                       cstackBANK1  0001A0
powf@n                                       cstackBANK1  00017C
powf@p_h                                     cstackBANK1  00019C
powf@p_l                                     cstackBANK1  000164
powf@r                                       cstackBANK1  00014C
powf@s                                       cstackBANK1  00015C
powf@s2                                      cstackBANK1  00018C
powf@s_h                                     cstackBANK1  00016C
powf@s_l                                     cstackBANK1  000130
powf@sn                                      cstackBANK1  000188
powf@t                                       cstackBANK1  0001B0
powf@t1                                      cstackBANK1  000180
powf@t2                                      cstackBANK1  00011C
powf@t_h                                     cstackBANK1  000168
powf@t_l                                     cstackBANK1  000134
powf@u                                       cstackBANK1  000174
powf@v                                       cstackBANK1  000178
powf@w                                       cstackBANK1  000144
powf@x                                       cstackBANK0  000088
powf@y                                       cstackBANK0  00008C
powf@y1                                      cstackBANK1  000128
powf@yisint                                  cstackBANK1  000150
powf@z                                       cstackBANK1  0001B4
powf@z_h                                     cstackBANK1  000120
powf@z_l                                     cstackBANK1  000124
scalbnf@n                                    cstackCOMRAM 00002E
scalbnf@u                                    cstackCOMRAM 000034
scalbnf@x                                    cstackCOMRAM 00002A
scalbnf@y                                    cstackCOMRAM 000038
sqrtf@__xc8_float_word                       cstackBANK0  00006C
sqrtf@i                                      cstackBANK0  000068
sqrtf@ix                                     cstackBANK0  000084
sqrtf@m                                      cstackBANK0  00007C
sqrtf@q                                      cstackBANK0  000070
sqrtf@r                                      cstackBANK0  000080
sqrtf@s                                      cstackBANK0  000064
sqrtf@t                                      cstackBANK0  000074
sqrtf@x                                      cstackCOMRAM 00003E
sqrtf@z                                      cstackBANK0  000078
stackhi                                      (abs)        0007FF
stacklo                                      (abs)        0001D0
start                                        init         000000
start_initialization                         cinit        001B98


FUNCTION INFORMATION:

 *************** function _main *****************
 Defined at:
		line 40 in file "main.c"
 Parameters:    Size  Location     Type
		None
 Auto vars:     Size  Location     Type
  i               2  122[BANK0 ] int 
  comb           16   52[BANK0 ] unsigned char [4][4]
  LDR             4  128[BANK0 ] long 
  codTec          4   68[BANK0 ] unsigned char [4]
  LM35            4    0        long 
  cont            2  117[BANK0 ] int 
  codColor        2   98[BANK0 ] int 
  cond            2   90[BANK0 ] int 
  F               2   86[BANK0 ] int 
  n               2  106[BANK0 ] int 
  i               2  115[BANK0 ] int 
  j               2  124[BANK0 ] int 
  PointPos        1   92[BANK0 ] unsigned char 
  i               2  120[BANK0 ] int 
  saldo           4   72[BANK0 ] long 
  ayM             2  126[BANK0 ] int 
  ySC             2  113[BANK0 ] int 
  xSC             2  111[BANK0 ] int 
  x               2  109[BANK0 ] int 
  PH              2  104[BANK0 ] int 
  maxF            2  102[BANK0 ] int 
  xStart          2  100[BANK0 ] int 
  xM              2   96[BANK0 ] int 
  index           2   94[BANK0 ] int 
  yM              2   88[BANK0 ] int 
  den             2   84[BANK0 ] int 
  PL              2   82[BANK0 ] int 
  P               2   80[BANK0 ] int 
  pA              1  119[BANK0 ] unsigned char 
  valM            1  108[BANK0 ] unsigned char 
  pB              1   93[BANK0 ] unsigned char 
  v1              1    0        unsigned char 
 Return value:  Size  Location     Type
                  1    wreg      void 
 Registers used:
		wreg, fsr1l, fsr1h, fsr2l, fsr2h, status,2, status,0, tblptrl, tblptrh, tblptru, prodl, prodh, cstack
 Tracked objects:
		On entry : 
		On exit  : 
		Unchanged: 
 Data sizes:     COMRAM   BANK0   BANK1   BANK2   BANK3   BANK4   BANK5   BANK6   BANK7
      Params:         0       0       0       0       0       0       0       0       0
      Locals:         0      80       0       0       0       0       0       0       0
      Temps:          6       0       0       0       0       0       0       0       0
      Totals:         6      80       0       0       0       0       0       0       0
Total ram usage:       86 bytes
 Hardware stack levels required when called:    8
 This function calls:
		_GLCD_Clear
		_GLCD_Init
		_GLCD_Printf
		_GLCD_SetCursor
		___aldiv
		___awdiv
		___awmod
		___fltol
		___xxtofl
		_glcd_DataWrite
		_map
		_powf
 This function is called by:
		Startup code after reset
 This function uses a non-reentrant model


 *************** function _powf *****************
 Defined at:
		line 52 in file "C:\Program Files\Microchip\xc8\v2.31\pic\sources\c99\common\powf.c"
 Parameters:    Size  Location     Type
  x               4   40[BANK0 ] float 
  y               4   44[BANK0 ] float 
 Auto vars:     Size  Location     Type
  s2              4  140[BANK1 ] float 
  s_h             4  108[BANK1 ] float 
  t_h             4  104[BANK1 ] float 
  t_l             4   52[BANK1 ] float 
  s_l             4   48[BANK1 ] float 
  __xc8_float_    4  184[BANK1 ] struct .
  z               4  180[BANK1 ] float 
  t               4  176[BANK1 ] float 
  j               4  172[BANK1 ] long 
  ix              4  168[BANK1 ] long 
  k               4  160[BANK1 ] long 
  p_h             4  156[BANK1 ] float 
  iy              4  152[BANK1 ] long 
  is              4  144[BANK1 ] long 
  sn              4  136[BANK1 ] float 
  hy              4  132[BANK1 ] long 
  t1              4  128[BANK1 ] float 
  n               4  124[BANK1 ] long 
  v               4  120[BANK1 ] float 
  u               4  116[BANK1 ] float 
  ax              4  112[BANK1 ] float 
  p_l             4  100[BANK1 ] float 
  hx              4   96[BANK1 ] long 
  s               4   92[BANK1 ] float 
  yisint          4   80[BANK1 ] long 
  r               4   76[BANK1 ] float 
  w               4   68[BANK1 ] float 
  i               4   44[BANK1 ] long 
  y1              4   40[BANK1 ] float 
  z_l             4   36[BANK1 ] float 
  z_h             4   32[BANK1 ] float 
  t2              4   28[BANK1 ] float 
 Return value:  Size  Location     Type
                  4   40[BANK0 ] float 
 Registers used:
		wreg, status,2, status,0, tblptrl, tblptrh, tblptru, prodl, prodh, cstack
 Tracked objects:
		On entry : 
		On exit  : 
		Unchanged: 
 Data sizes:     COMRAM   BANK0   BANK1   BANK2   BANK3   BANK4   BANK5   BANK6   BANK7
      Params:         0       8       0       0       0       0       0       0       0
      Locals:         0       0     188       0       0       0       0       0       0
      Temps:          9       0       0       0       0       0       0       0       0
      Totals:         9       8     188       0       0       0       0       0       0
Total ram usage:      205 bytes
 Hardware stack levels used:    1
 Hardware stack levels required when called:    2
 This function calls:
		___fladd
		___fldiv
		___flge
		___flmul
		___flneg
		___flsub
		___xxtofl
		_fabsf
		_scalbnf
		_sqrtf
 This function is called by:
		_main
 This function uses a non-reentrant model


 *************** function _sqrtf *****************
 Defined at:
		line 22 in file "C:\Program Files\Microchip\xc8\v2.31\pic\sources\c99\common\sqrtf.c"
 Parameters:    Size  Location     Type
  x               4   61[COMRAM] float 
 Auto vars:     Size  Location     Type
  ix              4   36[BANK0 ] long 
  r               4   32[BANK0 ] unsigned long 
  m               4   28[BANK0 ] long 
  z               4   24[BANK0 ] float 
  t               4   20[BANK0 ] long 
  q               4   16[BANK0 ] long 
  __xc8_float_    4   12[BANK0 ] struct .
  i               4    8[BANK0 ] long 
  s               4    4[BANK0 ] long 
  sign            4    0        long 
 Return value:  Size  Location     Type
                  4   61[COMRAM] float 
 Registers used:
		wreg, status,2, status,0, prodl, prodh, cstack
 Tracked objects:
		On entry : 
		On exit  : 
		Unchanged: 
 Data sizes:     COMRAM   BANK0   BANK1   BANK2   BANK3   BANK4   BANK5   BANK6   BANK7
      Params:         4       0       0       0       0       0       0       0       0
      Locals:         0      40       0       0       0       0       0       0       0
      Temps:          5       0       0       0       0       0       0       0       0
      Totals:         9      40       0       0       0       0       0       0       0
Total ram usage:       49 bytes
 Hardware stack levels used:    1
 Hardware stack levels required when called:    1
 This function calls:
		___fladd
		___flge
		___flmul
		_nanf
 This function is called by:
		_powf
 This function uses a non-reentrant model


 *************** function _nanf *****************
 Defined at:
		line 4 in file "C:\Program Files\Microchip\xc8\v2.31\pic\sources\c99\common\nanf.c"
 Parameters:    Size  Location     Type
  s               2    0[COMRAM] PTR const unsigned char 
		 -> STR_26(1), 
 Auto vars:     Size  Location     Type
  u               4    4[COMRAM] struct .
 Return value:  Size  Location     Type
                  4    0[COMRAM] float 
 Registers used:
		wreg, status,2
 Tracked objects:
		On entry : 
		On exit  : 
		Unchanged: 
 Data sizes:     COMRAM   BANK0   BANK1   BANK2   BANK3   BANK4   BANK5   BANK6   BANK7
      Params:         4       0       0       0       0       0       0       0       0
      Locals:         4       0       0       0       0       0       0       0       0
      Temps:          0       0       0       0       0       0       0       0       0
      Totals:         8       0       0       0       0       0       0       0       0
Total ram usage:        8 bytes
 Hardware stack levels used:    1
 This function calls:
		Nothing
 This function is called by:
		_sqrtf
 This function uses a non-reentrant model


 *************** function ___flge *****************
 Defined at:
		line 4 in file "C:\Program Files\Microchip\xc8\v2.31\pic\sources\c99\common\flge.c"
 Parameters:    Size  Location     Type
  ff1             4   49[COMRAM] float 
  ff2             4   53[COMRAM] float 
 Auto vars:     Size  Location     Type
		None
 Return value:  Size  Location     Type
		None               void
 Registers used:
		wreg, status,2, status,0
 Tracked objects:
		On entry : 
		On exit  : 
		Unchanged: 
 Data sizes:     COMRAM   BANK0   BANK1   BANK2   BANK3   BANK4   BANK5   BANK6   BANK7
      Params:         8       0       0       0       0       0       0       0       0
      Locals:         0       0       0       0       0       0       0       0       0
      Temps:          4       0       0       0       0       0       0       0       0
      Totals:        12       0       0       0       0       0       0       0       0
Total ram usage:       12 bytes
 Hardware stack levels used:    1
 This function calls:
		Nothing
 This function is called by:
		_powf
		_sqrtf
 This function uses a non-reentrant model


 *************** function _scalbnf *****************
 Defined at:
		line 4 in file "C:\Program Files\Microchip\xc8\v2.31\pic\sources\c99\common\scalbnf.c"
 Parameters:    Size  Location     Type
  x               4   41[COMRAM] float 
  n               2   45[COMRAM] int 
 Auto vars:     Size  Location     Type
  y               4   55[COMRAM] float 
  u               4   51[COMRAM] struct .
 Return value:  Size  Location     Type
                  4   41[COMRAM] float 
 Registers used:
		wreg, status,2, status,0, prodl, prodh, cstack
 Tracked objects:
		On entry : 
		On exit  : 
		Unchanged: 
 Data sizes:     COMRAM   BANK0   BANK1   BANK2   BANK3   BANK4   BANK5   BANK6   BANK7
      Params:         6       0       0       0       0       0       0       0       0
      Locals:         8       0       0       0       0       0       0       0       0
      Temps:          4       0       0       0       0       0       0       0       0
      Totals:        18       0       0       0       0       0       0       0       0
Total ram usage:       18 bytes
 Hardware stack levels used:    1
 Hardware stack levels required when called:    1
 This function calls:
		___flmul
 This function is called by:
		_powf
 This function uses a non-reentrant model


 *************** function ___flmul *****************
 Defined at:
		line 8 in file "C:\Program Files\Microchip\xc8\v2.31\pic\sources\c99\common\sprcmul.c"
 Parameters:    Size  Location     Type
  b               4   16[COMRAM] float 
  a               4   20[COMRAM] float 
 Auto vars:     Size  Location     Type
  prod            4   35[COMRAM] struct .
  grs             4   29[COMRAM] unsigned long 
  temp            2   39[COMRAM] struct .
  bexp            1   34[COMRAM] unsigned char 
  aexp            1   33[COMRAM] unsigned char 
  sign            1   28[COMRAM] unsigned char 
 Return value:  Size  Location     Type
                  4   16[COMRAM] unsigned char 
 Registers used:
		wreg, status,2, status,0, prodl, prodh
 Tracked objects:
		On entry : 
		On exit  : 
		Unchanged: 
 Data sizes:     COMRAM   BANK0   BANK1   BANK2   BANK3   BANK4   BANK5   BANK6   BANK7
      Params:         8       0       0       0       0       0       0       0       0
      Locals:        13       0       0       0       0       0       0       0       0
      Temps:          4       0       0       0       0       0       0       0       0
      Totals:        25       0       0       0       0       0       0       0       0
Total ram usage:       25 bytes
 Hardware stack levels used:    1
 This function calls:
		Nothing
 This function is called by:
		_powf
		_scalbnf
		_sqrtf
 This function uses a non-reentrant model


 *************** function _fabsf *****************
 Defined at:
		line 4 in file "C:\Program Files\Microchip\xc8\v2.31\pic\sources\c99\common\fabsf.c"
 Parameters:    Size  Location     Type
  x               4    0[COMRAM] float 
 Auto vars:     Size  Location     Type
  u               4    4[COMRAM] struct .
 Return value:  Size  Location     Type
                  4    0[COMRAM] float 
 Registers used:
		status,2, status,0
 Tracked objects:
		On entry : 
		On exit  : 
		Unchanged: 
 Data sizes:     COMRAM   BANK0   BANK1   BANK2   BANK3   BANK4   BANK5   BANK6   BANK7
      Params:         4       0       0       0       0       0       0       0       0
      Locals:         4       0       0       0       0       0       0       0       0
      Temps:          0       0       0       0       0       0       0       0       0
      Totals:         8       0       0       0       0       0       0       0       0
Total ram usage:        8 bytes
 Hardware stack levels used:    1
 This function calls:
		Nothing
 This function is called by:
		_powf
 This function uses a non-reentrant model


 *************** function ___xxtofl *****************
 Defined at:
		line 10 in file "C:\Program Files\Microchip\xc8\v2.31\pic\sources\c99\common\xxtofl.c"
 Parameters:    Size  Location     Type
  sign            1    wreg     unsigned char 
  val             4    0[COMRAM] long 
 Auto vars:     Size  Location     Type
  sign            1    8[COMRAM] unsigned char 
  arg             4   10[COMRAM] unsigned long 
  exp             1    9[COMRAM] unsigned char 
 Return value:  Size  Location     Type
                  4    0[COMRAM] unsigned char 
 Registers used:
		wreg, status,2, status,0
 Tracked objects:
		On entry : 
		On exit  : 
		Unchanged: 
 Data sizes:     COMRAM   BANK0   BANK1   BANK2   BANK3   BANK4   BANK5   BANK6   BANK7
      Params:         4       0       0       0       0       0       0       0       0
      Locals:         6       0       0       0       0       0       0       0       0
      Temps:          4       0       0       0       0       0       0       0       0
      Totals:        14       0       0       0       0       0       0       0       0
Total ram usage:       14 bytes
 Hardware stack levels used:    1
 This function calls:
		Nothing
 This function is called by:
		_main
		_powf
 This function uses a non-reentrant model


 *************** function ___flsub *****************
 Defined at:
		line 245 in file "C:\Program Files\Microchip\xc8\v2.31\pic\sources\c99\common\sprcadd.c"
 Parameters:    Size  Location     Type
  b               4   41[COMRAM] unsigned char 
  a               4   45[COMRAM] unsigned char 
 Auto vars:     Size  Location     Type
		None
 Return value:  Size  Location     Type
                  4   41[COMRAM] unsigned char 
 Registers used:
		wreg, status,2, status,0, cstack
 Tracked objects:
		On entry : 
		On exit  : 
		Unchanged: 
 Data sizes:     COMRAM   BANK0   BANK1   BANK2   BANK3   BANK4   BANK5   BANK6   BANK7
      Params:         8       0       0       0       0       0       0       0       0
      Locals:         0       0       0       0       0       0       0       0       0
      Temps:          0       0       0       0       0       0       0       0       0
      Totals:         8       0       0       0       0       0       0       0       0
Total ram usage:        8 bytes
 Hardware stack levels used:    1
 Hardware stack levels required when called:    1
 This function calls:
		___fladd
 This function is called by:
		_powf
 This function uses a non-reentrant model


 *************** function ___fladd *****************
 Defined at:
		line 10 in file "C:\Program Files\Microchip\xc8\v2.31\pic\sources\c99\common\sprcadd.c"
 Parameters:    Size  Location     Type
  b               4    0[COMRAM] unsigned char 
  a               4    4[COMRAM] unsigned char 
 Auto vars:     Size  Location     Type
  grs             1   15[COMRAM] unsigned char 
  bexp            1   14[COMRAM] unsigned char 
  aexp            1   13[COMRAM] unsigned char 
  signs           1   12[COMRAM] unsigned char 
 Return value:  Size  Location     Type
                  4    0[COMRAM] unsigned char 
 Registers used:
		wreg, status,2, status,0
 Tracked objects:
		On entry : 
		On exit  : 
		Unchanged: 
 Data sizes:     COMRAM   BANK0   BANK1   BANK2   BANK3   BANK4   BANK5   BANK6   BANK7
      Params:         8       0       0       0       0       0       0       0       0
      Locals:         4       0       0       0       0       0       0       0       0
      Temps:          4       0       0       0       0       0       0       0       0
      Totals:        16       0       0       0       0       0       0       0       0
Total ram usage:       16 bytes
 Hardware stack levels used:    1
 This function calls:
		Nothing
 This function is called by:
		___flsub
		_powf
		_sqrtf
 This function uses a non-reentrant model


 *************** function ___flneg *****************
 Defined at:
		line 15 in file "C:\Program Files\Microchip\xc8\v2.31\pic\sources\c99\common\flneg.c"
 Parameters:    Size  Location     Type
  f1              4    0[COMRAM] unsigned char 
 Auto vars:     Size  Location     Type
		None
 Return value:  Size  Location     Type
                  4    0[COMRAM] unsigned char 
 Registers used:
		wreg, status,2, status,0
 Tracked objects:
		On entry : 
		On exit  : 
		Unchanged: 
 Data sizes:     COMRAM   BANK0   BANK1   BANK2   BANK3   BANK4   BANK5   BANK6   BANK7
      Params:         4       0       0       0       0       0       0       0       0
      Locals:         0       0       0       0       0       0       0       0       0
      Temps:          0       0       0       0       0       0       0       0       0
      Totals:         4       0       0       0       0       0       0       0       0
Total ram usage:        4 bytes
 Hardware stack levels used:    1
 This function calls:
		Nothing
 This function is called by:
		_powf
 This function uses a non-reentrant model


 *************** function ___fldiv *****************
 Defined at:
		line 11 in file "C:\Program Files\Microchip\xc8\v2.31\pic\sources\c99\common\sprcdiv.c"
 Parameters:    Size  Location     Type
  b               4   49[COMRAM] unsigned char 
  a               4   53[COMRAM] unsigned char 
 Auto vars:     Size  Location     Type
  grs             4   68[COMRAM] unsigned long 
  rem             4   61[COMRAM] unsigned long 
  new_exp         2   66[COMRAM] short 
  aexp            1   73[COMRAM] unsigned char 
  bexp            1   72[COMRAM] unsigned char 
  sign            1   65[COMRAM] unsigned char 
 Return value:  Size  Location     Type
                  4   49[COMRAM] unsigned char 
 Registers used:
		wreg, status,2, status,0
 Tracked objects:
		On entry : 
		On exit  : 
		Unchanged: 
 Data sizes:     COMRAM   BANK0   BANK1   BANK2   BANK3   BANK4   BANK5   BANK6   BANK7
      Params:         8       0       0       0       0       0       0       0       0
      Locals:        13       0       0       0       0       0       0       0       0
      Temps:          4       0       0       0       0       0       0       0       0
      Totals:        25       0       0       0       0       0       0       0       0
Total ram usage:       25 bytes
 Hardware stack levels used:    1
 This function calls:
		Nothing
 This function is called by:
		_powf
 This function uses a non-reentrant model


 *************** function _map *****************
 Defined at:
		line 502 in file "main.c"
 Parameters:    Size  Location     Type
  x               4   26[COMRAM] long 
[...]
 This function uses a non-reentrant model


 *************** function _GLCD_GoToNextLine *****************
 Defined at:
		line 772 in file "glcd.c"
 Parameters:    Size  Location     Type
		None
 Auto vars:     Size  Location     Type
		None
 Return value:  Size  Location     Type
                  1    wreg      void 
 Registers used:
		wreg, status,2, status,0, cstack
 Tracked objects:
		On entry : 
		On exit  : 
		Unchanged: 
 Data sizes:     COMRAM   BANK0   BANK1   BANK2   BANK3   BANK4   BANK5   BANK6   BANK7
      Params:         0       0       0       0       0       0       0       0       0
      Locals:         0       0       0       0       0       0       0       0       0
      Temps:          0       0       0       0       0       0       0       0       0
      Totals:         0       0       0       0       0       0       0       0       0
Total ram usage:        0 bytes
 Hardware stack levels used:    1
 Hardware stack levels required when called:    4
 This function calls:
		_GLCD_GoToPage
 This function is called by:
		_GLCD_DisplayChar
 This function uses a non-reentrant model


 *************** function _GLCD_Init *****************
 Defined at:
		line 168 in file "glcd.c"
 Parameters:    Size  Location     Type
		None
 Auto vars:     Size  Location     Type
		None
 Return value:  Size  Location     Type
                  1    wreg      void 
 Registers used:
		wreg, status,2, status,0, cstack
 Tracked objects:
		On entry : 
		On exit  : 
		Unchanged: 
 Data sizes:     COMRAM   BANK0   BANK1   BANK2   BANK3   BANK4   BANK5   BANK6   BANK7
      Params:         0       0       0       0       0       0       0       0       0
      Locals:         0       0       0       0       0       0       0       0       0
      Temps:          0       0       0       0       0       0       0       0       0
      Totals:         0       0       0       0       0       0       0       0       0
Total ram usage:        0 bytes
 Hardware stack levels used:    1
 Hardware stack levels required when called:    6
 This function calls:
		_DELAY_ms
		_GLCD_Clear
		_GLCD_GoToPage
		_glcd_CmdWrite
		_glcd_SelectPage0
		_glcd_SelectPage1
 This function is called by:
		_main
 This function uses a non-reentrant model


 *************** function _GLCD_Clear *****************
 Defined at:
		line 675 in file "glcd.c"
 Parameters:    Size  Location     Type
		None
 Auto vars:     Size  Location     Type
  line            1    6[COMRAM] unsigned char 
  cursor          1    5[COMRAM] unsigned char 
 Return value:  Size  Location     Type
                  1    wreg      void 
 Registers used:
		wreg, status,2, status,0, cstack
 Tracked objects:
		On entry : 
		On exit  : 
		Unchanged: 
 Data sizes:     COMRAM   BANK0   BANK1   BANK2   BANK3   BANK4   BANK5   BANK6   BANK7
      Params:         0       0       0       0       0       0       0       0       0
      Locals:         2       0       0       0       0       0       0       0       0
      Temps:          0       0       0       0       0       0       0       0       0
      Totals:         2       0       0       0       0       0       0       0       0
Total ram usage:        2 bytes
 Hardware stack levels used:    1
 Hardware stack levels required when called:    5
 This function calls:
		_GLCD_GoToLine
		_glcd_CmdWrite
		_glcd_DataWrite
		_glcd_SelectPage0
		_glcd_SelectPage1
 This function is called by:
		_main
		_GLCD_Init
 This function uses a non-reentrant model


 *************** function _glcd_DataWrite *****************
 Defined at:
		line 1032 in file "glcd.c"
 Parameters:    Size  Location     Type
  dat             1    wreg     unsigned char 
 Auto vars:     Size  Location     Type
  dat             1    2[COMRAM] unsigned char 
 Return value:  Size  Location     Type
                  1    wreg      void 
 Registers used:
		wreg, status,2, status,0, cstack
 Tracked objects:
		On entry : 
		On exit  : 
		Unchanged: 
 Data sizes:     COMRAM   BANK0   BANK1   BANK2   BANK3   BANK4   BANK5   BANK6   BANK7
      Params:         0       0       0       0       0       0       0       0       0
      Locals:         1       0       0       0       0       0       0       0       0
      Temps:          0       0       0       0       0       0       0       0       0
      Totals:         1       0       0       0       0       0       0       0       0
Total ram usage:        1 bytes
 Hardware stack levels used:    1
 Hardware stack levels required when called:    2
 This function calls:
		_glcd_BusyCheck
 This function is called by:
		_main
		_GLCD_DisplayChar
		_GLCD_Clear
		_GLCD_DisplayLogo
		_GLCD_VerticalGraph
		_GLCD_HorizontalGraph
 This function uses a non-reentrant model


 *************** function _GLCD_GoToLine *****************
 Defined at:
		line 748 in file "glcd.c"
 Parameters:    Size  Location     Type
  lineNumber      1    wreg     unsigned char 
 Auto vars:     Size  Location     Type
  lineNumber      1    4[COMRAM] unsigned char 
 Return value:  Size  Location     Type
                  1    wreg      void 
 Registers used:
		wreg, status,2, status,0, cstack
 Tracked objects:
		On entry : 
		On exit  : 
		Unchanged: 
 Data sizes:     COMRAM   BANK0   BANK1   BANK2   BANK3   BANK4   BANK5   BANK6   BANK7
      Params:         0       0       0       0       0       0       0       0       0
      Locals:         1       0       0       0       0       0       0       0       0
      Temps:          0       0       0       0       0       0       0       0       0
      Totals:         1       0       0       0       0       0       0       0       0
Total ram usage:        1 bytes
 Hardware stack levels used:    1
 Hardware stack levels required when called:    4
 This function calls:
		_GLCD_GoToPage
 This function is called by:
		_GLCD_Clear
 This function uses a non-reentrant model


 *************** function _GLCD_GoToPage *****************
 Defined at:
		line 712 in file "glcd.c"
 Parameters:    Size  Location     Type
  pageNumber      1    wreg     unsigned char 
 Auto vars:     Size  Location     Type
  pageNumber      1    3[COMRAM] unsigned char 
 Return value:  Size  Location     Type
                  1    wreg      void 
 Registers used:
		wreg, status,2, status,0, cstack
 Tracked objects:
		On entry : 
		On exit  : 
		Unchanged: 
 Data sizes:     COMRAM   BANK0   BANK1   BANK2   BANK3   BANK4   BANK5   BANK6   BANK7
      Params:         0       0       0       0       0       0       0       0       0
      Locals:         1       0       0       0       0       0       0       0       0
      Temps:          0       0       0       0       0       0       0       0       0
      Totals:         1       0       0       0       0       0       0       0       0
Total ram usage:        1 bytes
 Hardware stack levels used:    1
 Hardware stack levels required when called:    3
 This function calls:
		_glcd_CmdWrite
		_glcd_SelectPage0
		_glcd_SelectPage1
 This function is called by:
		_GLCD_Init
		_GLCD_DisplayChar
		_GLCD_GoToLine
		_GLCD_GoToNextLine
		_GLCD_HorizontalGraph
 This function uses a non-reentrant model


 *************** function _glcd_SelectPage1 *****************
 Defined at:
		line 1054 in file "glcd.c"
 Parameters:    Size  Location     Type
		None
 Auto vars:     Size  Location     Type
		None
 Return value:  Size  Location     Type
                  1    wreg      void 
 Registers used:
		status,2, status,0
 Tracked objects:
		On entry : 
		On exit  : 
		Unchanged: 
 Data sizes:     COMRAM   BANK0   BANK1   BANK2   BANK3   BANK4   BANK5   BANK6   BANK7
      Params:         0       0       0       0       0       0       0       0       0
      Locals:         0       0       0       0       0       0       0       0       0
      Temps:          0       0       0       0       0       0       0       0       0
      Totals:         0       0       0       0       0       0       0       0       0
Total ram usage:        0 bytes
 Hardware stack levels used:    1
 This function calls:
		Nothing
 This function is called by:
		_GLCD_Init
		_GLCD_Clear
		_GLCD_GoToPage
		_GLCD_SetCursor
		_GLCD_DisplayLogo
 This function uses a non-reentrant model


 *************** function _glcd_SelectPage0 *****************
 Defined at:
		line 1046 in file "glcd.c"
 Parameters:    Size  Location     Type
		None
 Auto vars:     Size  Location     Type
		None
 Return value:  Size  Location     Type
                  1    wreg      void 
 Registers used:
		status,2, status,0
 Tracked objects:
		On entry : 
		On exit  : 
		Unchanged: 
 Data sizes:     COMRAM   BANK0   BANK1   BANK2   BANK3   BANK4   BANK5   BANK6   BANK7
      Params:         0       0       0       0       0       0       0       0       0
      Locals:         0       0       0       0       0       0       0       0       0
      Temps:          0       0       0       0       0       0       0       0       0
      Totals:         0       0       0       0       0       0       0       0       0
Total ram usage:        0 bytes
 Hardware stack levels used:    1
 This function calls:
		Nothing
 This function is called by:
		_GLCD_Init
		_GLCD_Clear
		_GLCD_GoToPage
		_GLCD_SetCursor
		_GLCD_DisplayLogo
 This function uses a non-reentrant model


 *************** function _glcd_CmdWrite *****************
 Defined at:
		line 1019 in file "glcd.c"
 Parameters:    Size  Location     Type
  cmd             1    wreg     unsigned char 
 Auto vars:     Size  Location     Type
  cmd             1    2[COMRAM] unsigned char 
 Return value:  Size  Location     Type
                  1    wreg      void 
 Registers used:
		wreg, status,2, status,0, cstack
 Tracked objects:
		On entry : 
		On exit  : 
		Unchanged: 
 Data sizes:     COMRAM   BANK0   BANK1   BANK2   BANK3   BANK4   BANK5   BANK6   BANK7
      Params:         0       0       0       0       0       0       0       0       0
      Locals:         1       0       0       0       0       0       0       0       0
      Temps:          0       0       0       0       0       0       0       0       0
      Totals:         1       0       0       0       0       0       0       0       0
Total ram usage:        1 bytes
 Hardware stack levels used:    1
 Hardware stack levels required when called:    2
 This function calls:
		_DELAY_us
		_glcd_BusyCheck
 This function is called by:
		_GLCD_Init
		_GLCD_Clear
		_GLCD_GoToPage
		_GLCD_SetCursor
		_GLCD_DisplayLogo
 This function uses a non-reentrant model


 *************** function _glcd_BusyCheck *****************
 Defined at:
		line 1064 in file "glcd.c"
 Parameters:    Size  Location     Type
		None
 Auto vars:     Size  Location     Type
		None
 Return value:  Size  Location     Type
                  1    wreg      void 
 Registers used:
		wreg, status,2, status,0, cstack
 Tracked objects:
		On entry : 
		On exit  : 
		Unchanged: 
 Data sizes:     COMRAM   BANK0   BANK1   BANK2   BANK3   BANK4   BANK5   BANK6   BANK7
      Params:         0       0       0       0       0       0       0       0       0
      Locals:         0       0       0       0       0       0       0       0       0
      Temps:          0       0       0       0       0       0       0       0       0
      Totals:         0       0       0       0       0       0       0       0       0
Total ram usage:        0 bytes
 Hardware stack levels used:    1
 Hardware stack levels required when called:    1
 This function calls:
		_DELAY_us
 This function is called by:
		_glcd_CmdWrite
		_glcd_DataWrite
 This function uses a non-reentrant model


 *************** function _DELAY_ms *****************
 Defined at:
		line 70 in file "delay.c"
 Parameters:    Size  Location     Type
  ms_count        2    2[COMRAM] unsigned short 
 Auto vars:     Size  Location     Type
		None
 Return value:  Size  Location     Type
                  1    wreg      void 
 Registers used:
		wreg, status,2, status,0, cstack
 Tracked objects:
		On entry : 
		On exit  : 
		Unchanged: 
 Data sizes:     COMRAM   BANK0   BANK1   BANK2   BANK3   BANK4   BANK5   BANK6   BANK7
      Params:         2       0       0       0       0       0       0       0       0
      Locals:         0       0       0       0       0       0       0       0       0
      Temps:          0       0       0       0       0       0       0       0       0
      Totals:         2       0       0       0       0       0       0       0       0
Total ram usage:        2 bytes
 Hardware stack levels used:    1
 Hardware stack levels required when called:    1
 This function calls:
		_DELAY_us
 This function is called by:
		_GLCD_Init
		_DELAY_sec
 This function uses a non-reentrant model


 *************** function _DELAY_us *****************
 Defined at:
		line 52 in file "delay.c"
 Parameters:    Size  Location     Type
  us_count        2    0[COMRAM] unsigned short 
 Auto vars:     Size  Location     Type
		None
 Return value:  Size  Location     Type
                  1    wreg      void 
 Registers used:
		wreg, status,2, status,0
 Tracked objects:
		On entry : 
		On exit  : 
		Unchanged: 
 Data sizes:     COMRAM   BANK0   BANK1   BANK2   BANK3   BANK4   BANK5   BANK6   BANK7
      Params:         2       0       0       0       0       0       0       0       0
      Locals:         0       0       0       0       0       0       0       0       0
      Temps:          0       0       0       0       0       0       0       0       0
      Totals:         2       0       0       0       0       0       0       0       0
Total ram usage:        2 bytes
 Hardware stack levels used:    1
 This function calls:
		Nothing
 This function is called by:
		_glcd_CmdWrite
		_glcd_BusyCheck
		_DELAY_ms
 This function uses a non-reentrant model



MODULE INFORMATION

Module		Function		Class		Link	Load	Size
delay.c
		_DELAY_ms      		CODE           	19D8	0000	42
		_DELAY_us      		CODE           	1936	0000	30

delay.c estimated size: 72

C:\Program Files\Microchip\xc8\v2.31\pic\sources\c99\common\nanf.c
		_nanf          		CODE           	19B6	0000	34

C:\Program Files\Microchip\xc8\v2.31\pic\sources\c99\common\nanf.c estimated size: 34

C:\Program Files\Microchip\xc8\v2.31\pic\sources\c99\common\sprcadd.c
		___flsub       		CODE           	1A9E	0000	70
		___fladd       		CODE           	3618	0000	1216

C:\Program Files\Microchip\xc8\v2.31\pic\sources\c99\common\sprcadd.c estimated size: 1286

C:\Program Files\Microchip\xc8\v2.31\pic\sources\c99\common\flneg.c
		___flneg       		CODE           	1A66	0000	56

C:\Program Files\Microchip\xc8\v2.31\pic\sources\c99\common\flneg.c estimated size: 56

C:\Program Files\Microchip\xc8\v2.31\pic\sources\c99\common\fabsf.c
		_fabsf         		CODE           	1A32	0000	52

C:\Program Files\Microchip\xc8\v2.31\pic\sources\c99\common\fabsf.c estimated size: 52

C:\Program Files\Microchip\xc8\v2.31\pic\sources\c99\common\Umul32.c
		___lmul        		CODE           	1BF8	0000	106

C:\Program Files\Microchip\xc8\v2.31\pic\sources\c99\common\Umul32.c estimated size: 106

C:\Program Files\Microchip\xc8\v2.31\pic\sources\c99\common\xxtofl.c
		___xxtofl      		CODE           	23F6	0000	436

C:\Program Files\Microchip\xc8\v2.31\pic\sources\c99\common\xxtofl.c estimated size: 436

C:\Program Files\Microchip\xc8\v2.31\pic\sources\c99\common\awmod.c
		___awmod       		CODE           	1E7C	0000	176

C:\Program Files\Microchip\xc8\v2.31\pic\sources\c99\common\awmod.c estimated size: 176

C:\Program Files\Microchip\xc8\v2.31\pic\sources\c99\common\powf.c
		_powf          		CODE           	4FC4	0000	10468

C:\Program Files\Microchip\xc8\v2.31\pic\sources\c99\common\powf.c estimated size: 10468

shared
		_L5            		MEDIUMCONST    	0000	0000	0
		_P3            		MEDIUMCONST    	0000	0000	0
		_L6            		MEDIUMCONST    	0000	0000	0
		_P4            		MEDIUMCONST    	0000	0000	0
		_P5            		MEDIUMCONST    	0000	0000	0
		_lg2_l         		MEDIUMCONST    	0000	0000	0
		_ivln2_l       		MEDIUMCONST    	0000	0000	0
		_ivln2         		MEDIUMCONST    	0000	0000	0
		__initialization		CODE           	1B98	0000	86
		_bp            		MEDIUMCONST    	7EEC	0000	8
		_LogoBitMap    		MEDIUMCONST    	78A9	0000	1024
		_cp            		MEDIUMCONST    	0000	0000	0
		_cp_h          		MEDIUMCONST    	0000	0000	0
		_dp_h          		MEDIUMCONST    	7E8C	0000	8
		_lg2           		MEDIUMCONST    	0000	0000	0
		_tiny@sqrtf$F1147		MEDIUMCONST    	0000	0000	0
		_lg2_h         		MEDIUMCONST    	0000	0000	0
		_ivln2_h       		MEDIUMCONST    	0000	0000	0
		_tiny          		MEDIUMCONST    	0000	0000	0
		_ovt           		MEDIUMCONST    	0000	0000	0
		_huge          		MEDIUMCONST    	0000	0000	0
		_two24         		MEDIUMCONST    	0000	0000	0
		_A_GlcdFontTable_U8		MEDIUMCONST    	7CA9	0000	475
		_cp_l          		MEDIUMCONST    	0000	0000	0
		_dp_l          		MEDIUMCONST    	7E84	0000	8
		_L1            		MEDIUMCONST    	0000	0000	0
		_L2            		MEDIUMCONST    	0000	0000	0
		_L3            		MEDIUMCONST    	0000	0000	0
		_P1            		MEDIUMCONST    	0000	0000	0
		_L4            		MEDIUMCONST    	0000	0000	0
		_P2            		MEDIUMCONST    	0000	0000	0

shared estimated size: 1609

C:\Program Files\Microchip\xc8\v2.31\pic\sources\c99\common\sprcmul.c
		___flmul       		CODE           	31EE	0000	1066

C:\Program Files\Microchip\xc8\v2.31\pic\sources\c99\common\sprcmul.c estimated size: 1066

glcd.c
		_glcd_DataWrite		CODE           	191C	0000	26
		_glcd_BusyCheck		CODE           	18FE	0000	14
		_GLCD_DisplayChar		CODE           	1FF0	0000	238
		_GLCD_Init     		CODE           	1B3C	0000	92
		_GLCD_GoToPage 		CODE           	1AE4	0000	88
		_GLCD_GoToLine 		CODE           	1994	0000	34
		_GLCD_Printf   		CODE           	2DDA	0000	1044
		_glcd_SelectPage0		CODE           	18EC	0000	6
		_glcd_SelectPage1		CODE           	18F2	0000	6
		_GLCD_GoToNextLine		CODE           	1974	0000	32
		_GLCD_DisplayString		CODE           	1A02	0000	48
		_GLCD_DisplayNumber		CODE           	27DE	0000	610
		_glcd_CmdWrite 		CODE           	1954	0000	32
		_GLCD_SetCursor		CODE           	1D4C	0000	140
		_GLCD_Clear    		CODE           	1C62	0000	112

glcd.c estimated size: 2522

C:\Program Files\Microchip\xc8\v2.31\pic\sources\c99\common\sqrtf.c
		_sqrtf         		CODE           	3AD8	0000	1216

C:\Program Files\Microchip\xc8\v2.31\pic\sources\c99\common\sqrtf.c estimated size: 1216

C:\Program Files\Microchip\xc8\v2.31\pic\sources\c99\common\awdiv.c
		___awdiv       		CODE           	1F2C	0000	196

C:\Program Files\Microchip\xc8\v2.31\pic\sources\c99\common\awdiv.c estimated size: 196

C:\Program Files\Microchip\xc8\v2.31\pic\sources\c99\common\sprcdiv.c
		___fldiv       		CODE           	2A40	0000	922

C:\Program Files\Microchip\xc8\v2.31\pic\sources\c99\common\sprcdiv.c estimated size: 922

C:\Program Files\Microchip\xc8\v2.31\pic\sources\c99\common\fltol.c
		___fltol       		CODE           	21E2	0000	264

C:\Program Files\Microchip\xc8\v2.31\pic\sources\c99\common\fltol.c estimated size: 264

C:\Program Files\Microchip\xc8\v2.31\pic\sources\c99\common\flge.c
		___flge        		CODE           	20DE	0000	260

C:\Program Files\Microchip\xc8\v2.31\pic\sources\c99\common\flge.c estimated size: 260

C:\Program Files\Microchip\xc8\v2.31\pic\sources\c99\common\aldiv.c
		___aldiv       		CODE           	22EA	0000	268

C:\Program Files\Microchip\xc8\v2.31\pic\sources\c99\common\aldiv.c estimated size: 268

C:\Program Files\Microchip\xc8\v2.31\pic\sources\c99\common\scalbnf.c
		_scalbnf       		CODE           	25AA	0000	564

C:\Program Files\Microchip\xc8\v2.31\pic\sources\c99\common\scalbnf.c estimated size: 564

main.c
		_map           		CODE           	1CD2	0000	122
		_main          		CODE           	3F98	0000	4140

main.c estimated size: 4262

C:\Program Files\Microchip\xc8\v2.31\pic\sources\c99\common\__lldiv.c
		___lldiv       		CODE           	1DD8	0000	164

C:\Program Files\Microchip\xc8\v2.31\pic\sources\c99\common\__lldiv.c estimated size: 164

